Archive member included to satisfy reference by file (symbol)

c:/program files (x86)/atmel/studio/7.0/toolchain/avr8/avr8-gnu-toolchain/bin/../lib/gcc/avr/5.4.0/avr5\libgcc.a(_udivmodsi4.o)
                              APP/CarSM/CarSM.o (__udivmodsi4)
c:/program files (x86)/atmel/studio/7.0/toolchain/avr8/avr8-gnu-toolchain/bin/../lib/gcc/avr/5.4.0/avr5\libgcc.a(_exit.o)
                              C:/Program Files (x86)/Atmel/Studio/7.0/Packs/atmel/ATmega_DFP/1.3.300/gcc/dev/atmega32/avr5/crtatmega32.o (exit)
c:/program files (x86)/atmel/studio/7.0/toolchain/avr8/avr8-gnu-toolchain/bin/../lib/gcc/avr/5.4.0/avr5\libgcc.a(_copy_data.o)
                              ECUAL/SwICU/SwICU_Cfg.o (__do_copy_data)
c:/program files (x86)/atmel/studio/7.0/toolchain/avr8/avr8-gnu-toolchain/bin/../lib/gcc/avr/5.4.0/avr5\libgcc.a(_clear_bss.o)
                              ECUAL/SwICU/SwICU.o (__do_clear_bss)
c:/program files (x86)/atmel/studio/7.0/toolchain/avr8/avr8-gnu-toolchain/bin/../lib/gcc/avr/5.4.0/avr5\libgcc.a(_muluhisi3.o)
                              MCAL/PWM/PWM.o (__muluhisi3)
c:/program files (x86)/atmel/studio/7.0/toolchain/avr8/avr8-gnu-toolchain/bin/../lib/gcc/avr/5.4.0/avr5\libgcc.a(_umulhisi3.o)
                              c:/program files (x86)/atmel/studio/7.0/toolchain/avr8/avr8-gnu-toolchain/bin/../lib/gcc/avr/5.4.0/avr5\libgcc.a(_muluhisi3.o) (__umulhisi3)

Discarded input sections

 .data          0x00000000        0x0 C:/Program Files (x86)/Atmel/Studio/7.0/Packs/atmel/ATmega_DFP/1.3.300/gcc/dev/atmega32/avr5/crtatmega32.o
 .bss           0x00000000        0x0 C:/Program Files (x86)/Atmel/Studio/7.0/Packs/atmel/ATmega_DFP/1.3.300/gcc/dev/atmega32/avr5/crtatmega32.o
 .text          0x00000000        0x0 APP/CarSM/CarSM.o
 .data          0x00000000        0x0 APP/CarSM/CarSM.o
 .bss           0x00000000        0x0 APP/CarSM/CarSM.o
 .text          0x00000000        0x0 APP/Steering/Steering.o
 .data          0x00000000        0x0 APP/Steering/Steering.o
 .bss           0x00000000        0x0 APP/Steering/Steering.o
 .text          0x00000000        0x0 ECUAL/LCD/char_lcd.o
 .data          0x00000000        0x0 ECUAL/LCD/char_lcd.o
 .bss           0x00000000        0x0 ECUAL/LCD/char_lcd.o
 .text.LCD_goto_xy
                0x00000000       0x1e ECUAL/LCD/char_lcd.o
 .text          0x00000000        0x0 ECUAL/LCD/gpio.o
 .data          0x00000000        0x0 ECUAL/LCD/gpio.o
 .bss           0x00000000        0x0 ECUAL/LCD/gpio.o
 .text.gpioPortDirection
                0x00000000       0x20 ECUAL/LCD/gpio.o
 .text.gpioPortWrite
                0x00000000       0x20 ECUAL/LCD/gpio.o
 .text.gpioPortRead
                0x00000000       0x24 ECUAL/LCD/gpio.o
 .text.gpioPortToggle
                0x00000000       0x40 ECUAL/LCD/gpio.o
 .text.gpioPinToggle
                0x00000000       0x30 ECUAL/LCD/gpio.o
 .text.gpioPinRead
                0x00000000       0x34 ECUAL/LCD/gpio.o
 .text.gpioUpperNibbleDirection
                0x00000000       0x3e ECUAL/LCD/gpio.o
 .text.gpioUpperNibbleWrite
                0x00000000       0x3e ECUAL/LCD/gpio.o
 .text.gpioUpperNibbleToggle
                0x00000000       0x38 ECUAL/LCD/gpio.o
 .text.gpioUpperNibbleRead
                0x00000000       0x2c ECUAL/LCD/gpio.o
 .text.gpioLowerNibbleDirection
                0x00000000       0x3e ECUAL/LCD/gpio.o
 .text.gpioLowerNibbleWrite
                0x00000000       0x3e ECUAL/LCD/gpio.o
 .text.gpioLowerNibbleToggle
                0x00000000       0x38 ECUAL/LCD/gpio.o
 .text.gpioLowerNibbleRead
                0x00000000       0x2c ECUAL/LCD/gpio.o
 .text          0x00000000        0x0 ECUAL/LCD/softwareDelay.o
 .data          0x00000000        0x0 ECUAL/LCD/softwareDelay.o
 .bss           0x00000000        0x0 ECUAL/LCD/softwareDelay.o
 .text.SwDelay_us
                0x00000000       0x16 ECUAL/LCD/softwareDelay.o
 .text          0x00000000        0x0 ECUAL/Motor/Motor.o
 .data          0x00000000        0x0 ECUAL/Motor/Motor.o
 .bss           0x00000000        0x0 ECUAL/Motor/Motor.o
 .text.Motor_Stop
                0x00000000       0x10 ECUAL/Motor/Motor.o
 .text.Motor_GetStatus
                0x00000000        0x4 ECUAL/Motor/Motor.o
 .text          0x00000000        0x0 ECUAL/SwDelay/SwDelay.o
 .data          0x00000000        0x0 ECUAL/SwDelay/SwDelay.o
 .bss           0x00000000        0x0 ECUAL/SwDelay/SwDelay.o
 .text          0x00000000        0x0 ECUAL/SwICU/SwICU.o
 .data          0x00000000        0x0 ECUAL/SwICU/SwICU.o
 .bss           0x00000000        0x0 ECUAL/SwICU/SwICU.o
 .text          0x00000000        0x0 ECUAL/SwICU/SwICU_Cfg.o
 .data          0x00000000        0x0 ECUAL/SwICU/SwICU_Cfg.o
 .bss           0x00000000        0x0 ECUAL/SwICU/SwICU_Cfg.o
 .text          0x00000000        0x0 ECUAL/Us/Us.o
 .data          0x00000000        0x0 ECUAL/Us/Us.o
 .bss           0x00000000        0x0 ECUAL/Us/Us.o
 .text.Us_GetDistance
                0x00000000        0x4 ECUAL/Us/Us.o
 .text          0x00000000        0x0 main.o
 .data          0x00000000        0x0 main.o
 .bss           0x00000000        0x0 main.o
 .text          0x00000000        0x0 MCAL/DIO/DIO.o
 .data          0x00000000        0x0 MCAL/DIO/DIO.o
 .bss           0x00000000        0x0 MCAL/DIO/DIO.o
 .text.DIO_Read
                0x00000000       0x4e MCAL/DIO/DIO.o
 .text.DIO_Toggle
                0x00000000       0x32 MCAL/DIO/DIO.o
 .text          0x00000000        0x0 MCAL/PWM/PWM.o
 .data          0x00000000        0x0 MCAL/PWM/PWM.o
 .bss           0x00000000        0x0 MCAL/PWM/PWM.o
 .text.Pwm_Update
                0x00000000       0x68 MCAL/PWM/PWM.o
 .text.Pwm_Stop
                0x00000000        0xc MCAL/PWM/PWM.o
 .text          0x00000000        0x0 MCAL/PWM/PWM_Cfg.o
 .data          0x00000000        0x0 MCAL/PWM/PWM_Cfg.o
 .bss           0x00000000        0x0 MCAL/PWM/PWM_Cfg.o
 .text          0x00000000        0x0 MCAL/Timer/Timer.o
 .data          0x00000000        0x0 MCAL/Timer/Timer.o
 .bss           0x00000000        0x0 MCAL/Timer/Timer.o
 .text.Timer_GetStatus
                0x00000000        0xa MCAL/Timer/Timer.o
 .text          0x00000000        0x0 MCAL/Timer/Timer_Cfg.o
 .data          0x00000000        0x0 MCAL/Timer/Timer_Cfg.o
 .bss           0x00000000        0x0 MCAL/Timer/Timer_Cfg.o
 .text          0x00000000        0x0 Test/Test.o
 .data          0x00000000        0x0 Test/Test.o
 .bss           0x00000000        0x0 Test/Test.o
 .text.TimerTest
                0x00000000       0x26 Test/Test.o
 .text.DioTest  0x00000000       0x4e Test/Test.o
 .text.HwPwmTest
                0x00000000       0x68 Test/Test.o
 .text.MotorTest
                0x00000000      0x102 Test/Test.o
 .rodata.str1.1
                0x00000000        0xc Test/Test.o
 .text.IcuTest  0x00000000       0xb6 Test/Test.o
 .text.UsTest   0x00000000        0xa Test/Test.o
 .text.IcuWithUsTest
                0x00000000       0xe8 Test/Test.o
 .debug_info    0x00000000      0xac1 Test/Test.o
 .debug_abbrev  0x00000000      0x13c Test/Test.o
 .debug_loc     0x00000000      0x169 Test/Test.o
 .debug_aranges
                0x00000000       0x50 Test/Test.o
 .debug_ranges  0x00000000       0x40 Test/Test.o
 .debug_line    0x00000000      0x469 Test/Test.o
 .debug_str     0x00000000      0x3f9 Test/Test.o
 .comment       0x00000000       0x31 Test/Test.o
 .debug_frame   0x00000000       0xc4 Test/Test.o
 .text          0x00000000        0x0 c:/program files (x86)/atmel/studio/7.0/toolchain/avr8/avr8-gnu-toolchain/bin/../lib/gcc/avr/5.4.0/avr5\libgcc.a(_udivmodsi4.o)
 .data          0x00000000        0x0 c:/program files (x86)/atmel/studio/7.0/toolchain/avr8/avr8-gnu-toolchain/bin/../lib/gcc/avr/5.4.0/avr5\libgcc.a(_udivmodsi4.o)
 .bss           0x00000000        0x0 c:/program files (x86)/atmel/studio/7.0/toolchain/avr8/avr8-gnu-toolchain/bin/../lib/gcc/avr/5.4.0/avr5\libgcc.a(_udivmodsi4.o)
 .text.libgcc.mul
                0x00000000        0x0 c:/program files (x86)/atmel/studio/7.0/toolchain/avr8/avr8-gnu-toolchain/bin/../lib/gcc/avr/5.4.0/avr5\libgcc.a(_udivmodsi4.o)
 .text.libgcc   0x00000000        0x0 c:/program files (x86)/atmel/studio/7.0/toolchain/avr8/avr8-gnu-toolchain/bin/../lib/gcc/avr/5.4.0/avr5\libgcc.a(_udivmodsi4.o)
 .text.libgcc.prologue
                0x00000000        0x0 c:/program files (x86)/atmel/studio/7.0/toolchain/avr8/avr8-gnu-toolchain/bin/../lib/gcc/avr/5.4.0/avr5\libgcc.a(_udivmodsi4.o)
 .text.libgcc.builtins
                0x00000000        0x0 c:/program files (x86)/atmel/studio/7.0/toolchain/avr8/avr8-gnu-toolchain/bin/../lib/gcc/avr/5.4.0/avr5\libgcc.a(_udivmodsi4.o)
 .text.libgcc.fmul
                0x00000000        0x0 c:/program files (x86)/atmel/studio/7.0/toolchain/avr8/avr8-gnu-toolchain/bin/../lib/gcc/avr/5.4.0/avr5\libgcc.a(_udivmodsi4.o)
 .text.libgcc.fixed
                0x00000000        0x0 c:/program files (x86)/atmel/studio/7.0/toolchain/avr8/avr8-gnu-toolchain/bin/../lib/gcc/avr/5.4.0/avr5\libgcc.a(_udivmodsi4.o)
 .text          0x00000000        0x0 c:/program files (x86)/atmel/studio/7.0/toolchain/avr8/avr8-gnu-toolchain/bin/../lib/gcc/avr/5.4.0/avr5\libgcc.a(_exit.o)
 .data          0x00000000        0x0 c:/program files (x86)/atmel/studio/7.0/toolchain/avr8/avr8-gnu-toolchain/bin/../lib/gcc/avr/5.4.0/avr5\libgcc.a(_exit.o)
 .bss           0x00000000        0x0 c:/program files (x86)/atmel/studio/7.0/toolchain/avr8/avr8-gnu-toolchain/bin/../lib/gcc/avr/5.4.0/avr5\libgcc.a(_exit.o)
 .text.libgcc.mul
                0x00000000        0x0 c:/program files (x86)/atmel/studio/7.0/toolchain/avr8/avr8-gnu-toolchain/bin/../lib/gcc/avr/5.4.0/avr5\libgcc.a(_exit.o)
 .text.libgcc.div
                0x00000000        0x0 c:/program files (x86)/atmel/studio/7.0/toolchain/avr8/avr8-gnu-toolchain/bin/../lib/gcc/avr/5.4.0/avr5\libgcc.a(_exit.o)
 .text.libgcc   0x00000000        0x0 c:/program files (x86)/atmel/studio/7.0/toolchain/avr8/avr8-gnu-toolchain/bin/../lib/gcc/avr/5.4.0/avr5\libgcc.a(_exit.o)
 .text.libgcc.prologue
                0x00000000        0x0 c:/program files (x86)/atmel/studio/7.0/toolchain/avr8/avr8-gnu-toolchain/bin/../lib/gcc/avr/5.4.0/avr5\libgcc.a(_exit.o)
 .text.libgcc.builtins
                0x00000000        0x0 c:/program files (x86)/atmel/studio/7.0/toolchain/avr8/avr8-gnu-toolchain/bin/../lib/gcc/avr/5.4.0/avr5\libgcc.a(_exit.o)
 .text.libgcc.fmul
                0x00000000        0x0 c:/program files (x86)/atmel/studio/7.0/toolchain/avr8/avr8-gnu-toolchain/bin/../lib/gcc/avr/5.4.0/avr5\libgcc.a(_exit.o)
 .text.libgcc.fixed
                0x00000000        0x0 c:/program files (x86)/atmel/studio/7.0/toolchain/avr8/avr8-gnu-toolchain/bin/../lib/gcc/avr/5.4.0/avr5\libgcc.a(_exit.o)
 .text          0x00000000        0x0 c:/program files (x86)/atmel/studio/7.0/toolchain/avr8/avr8-gnu-toolchain/bin/../lib/gcc/avr/5.4.0/avr5\libgcc.a(_copy_data.o)
 .data          0x00000000        0x0 c:/program files (x86)/atmel/studio/7.0/toolchain/avr8/avr8-gnu-toolchain/bin/../lib/gcc/avr/5.4.0/avr5\libgcc.a(_copy_data.o)
 .bss           0x00000000        0x0 c:/program files (x86)/atmel/studio/7.0/toolchain/avr8/avr8-gnu-toolchain/bin/../lib/gcc/avr/5.4.0/avr5\libgcc.a(_copy_data.o)
 .text.libgcc.mul
                0x00000000        0x0 c:/program files (x86)/atmel/studio/7.0/toolchain/avr8/avr8-gnu-toolchain/bin/../lib/gcc/avr/5.4.0/avr5\libgcc.a(_copy_data.o)
 .text.libgcc.div
                0x00000000        0x0 c:/program files (x86)/atmel/studio/7.0/toolchain/avr8/avr8-gnu-toolchain/bin/../lib/gcc/avr/5.4.0/avr5\libgcc.a(_copy_data.o)
 .text.libgcc   0x00000000        0x0 c:/program files (x86)/atmel/studio/7.0/toolchain/avr8/avr8-gnu-toolchain/bin/../lib/gcc/avr/5.4.0/avr5\libgcc.a(_copy_data.o)
 .text.libgcc.prologue
                0x00000000        0x0 c:/program files (x86)/atmel/studio/7.0/toolchain/avr8/avr8-gnu-toolchain/bin/../lib/gcc/avr/5.4.0/avr5\libgcc.a(_copy_data.o)
 .text.libgcc.builtins
                0x00000000        0x0 c:/program files (x86)/atmel/studio/7.0/toolchain/avr8/avr8-gnu-toolchain/bin/../lib/gcc/avr/5.4.0/avr5\libgcc.a(_copy_data.o)
 .text.libgcc.fmul
                0x00000000        0x0 c:/program files (x86)/atmel/studio/7.0/toolchain/avr8/avr8-gnu-toolchain/bin/../lib/gcc/avr/5.4.0/avr5\libgcc.a(_copy_data.o)
 .text.libgcc.fixed
                0x00000000        0x0 c:/program files (x86)/atmel/studio/7.0/toolchain/avr8/avr8-gnu-toolchain/bin/../lib/gcc/avr/5.4.0/avr5\libgcc.a(_copy_data.o)
 .text          0x00000000        0x0 c:/program files (x86)/atmel/studio/7.0/toolchain/avr8/avr8-gnu-toolchain/bin/../lib/gcc/avr/5.4.0/avr5\libgcc.a(_clear_bss.o)
 .data          0x00000000        0x0 c:/program files (x86)/atmel/studio/7.0/toolchain/avr8/avr8-gnu-toolchain/bin/../lib/gcc/avr/5.4.0/avr5\libgcc.a(_clear_bss.o)
 .bss           0x00000000        0x0 c:/program files (x86)/atmel/studio/7.0/toolchain/avr8/avr8-gnu-toolchain/bin/../lib/gcc/avr/5.4.0/avr5\libgcc.a(_clear_bss.o)
 .text.libgcc.mul
                0x00000000        0x0 c:/program files (x86)/atmel/studio/7.0/toolchain/avr8/avr8-gnu-toolchain/bin/../lib/gcc/avr/5.4.0/avr5\libgcc.a(_clear_bss.o)
 .text.libgcc.div
                0x00000000        0x0 c:/program files (x86)/atmel/studio/7.0/toolchain/avr8/avr8-gnu-toolchain/bin/../lib/gcc/avr/5.4.0/avr5\libgcc.a(_clear_bss.o)
 .text.libgcc   0x00000000        0x0 c:/program files (x86)/atmel/studio/7.0/toolchain/avr8/avr8-gnu-toolchain/bin/../lib/gcc/avr/5.4.0/avr5\libgcc.a(_clear_bss.o)
 .text.libgcc.prologue
                0x00000000        0x0 c:/program files (x86)/atmel/studio/7.0/toolchain/avr8/avr8-gnu-toolchain/bin/../lib/gcc/avr/5.4.0/avr5\libgcc.a(_clear_bss.o)
 .text.libgcc.builtins
                0x00000000        0x0 c:/program files (x86)/atmel/studio/7.0/toolchain/avr8/avr8-gnu-toolchain/bin/../lib/gcc/avr/5.4.0/avr5\libgcc.a(_clear_bss.o)
 .text.libgcc.fmul
                0x00000000        0x0 c:/program files (x86)/atmel/studio/7.0/toolchain/avr8/avr8-gnu-toolchain/bin/../lib/gcc/avr/5.4.0/avr5\libgcc.a(_clear_bss.o)
 .text.libgcc.fixed
                0x00000000        0x0 c:/program files (x86)/atmel/studio/7.0/toolchain/avr8/avr8-gnu-toolchain/bin/../lib/gcc/avr/5.4.0/avr5\libgcc.a(_clear_bss.o)
 .text          0x00000000        0x0 c:/program files (x86)/atmel/studio/7.0/toolchain/avr8/avr8-gnu-toolchain/bin/../lib/gcc/avr/5.4.0/avr5\libgcc.a(_muluhisi3.o)
 .data          0x00000000        0x0 c:/program files (x86)/atmel/studio/7.0/toolchain/avr8/avr8-gnu-toolchain/bin/../lib/gcc/avr/5.4.0/avr5\libgcc.a(_muluhisi3.o)
 .bss           0x00000000        0x0 c:/program files (x86)/atmel/studio/7.0/toolchain/avr8/avr8-gnu-toolchain/bin/../lib/gcc/avr/5.4.0/avr5\libgcc.a(_muluhisi3.o)
 .text.libgcc.div
                0x00000000        0x0 c:/program files (x86)/atmel/studio/7.0/toolchain/avr8/avr8-gnu-toolchain/bin/../lib/gcc/avr/5.4.0/avr5\libgcc.a(_muluhisi3.o)
 .text.libgcc   0x00000000        0x0 c:/program files (x86)/atmel/studio/7.0/toolchain/avr8/avr8-gnu-toolchain/bin/../lib/gcc/avr/5.4.0/avr5\libgcc.a(_muluhisi3.o)
 .text.libgcc.prologue
                0x00000000        0x0 c:/program files (x86)/atmel/studio/7.0/toolchain/avr8/avr8-gnu-toolchain/bin/../lib/gcc/avr/5.4.0/avr5\libgcc.a(_muluhisi3.o)
 .text.libgcc.builtins
                0x00000000        0x0 c:/program files (x86)/atmel/studio/7.0/toolchain/avr8/avr8-gnu-toolchain/bin/../lib/gcc/avr/5.4.0/avr5\libgcc.a(_muluhisi3.o)
 .text.libgcc.fmul
                0x00000000        0x0 c:/program files (x86)/atmel/studio/7.0/toolchain/avr8/avr8-gnu-toolchain/bin/../lib/gcc/avr/5.4.0/avr5\libgcc.a(_muluhisi3.o)
 .text.libgcc.fixed
                0x00000000        0x0 c:/program files (x86)/atmel/studio/7.0/toolchain/avr8/avr8-gnu-toolchain/bin/../lib/gcc/avr/5.4.0/avr5\libgcc.a(_muluhisi3.o)
 .text          0x00000000        0x0 c:/program files (x86)/atmel/studio/7.0/toolchain/avr8/avr8-gnu-toolchain/bin/../lib/gcc/avr/5.4.0/avr5\libgcc.a(_umulhisi3.o)
 .data          0x00000000        0x0 c:/program files (x86)/atmel/studio/7.0/toolchain/avr8/avr8-gnu-toolchain/bin/../lib/gcc/avr/5.4.0/avr5\libgcc.a(_umulhisi3.o)
 .bss           0x00000000        0x0 c:/program files (x86)/atmel/studio/7.0/toolchain/avr8/avr8-gnu-toolchain/bin/../lib/gcc/avr/5.4.0/avr5\libgcc.a(_umulhisi3.o)
 .text.libgcc.div
                0x00000000        0x0 c:/program files (x86)/atmel/studio/7.0/toolchain/avr8/avr8-gnu-toolchain/bin/../lib/gcc/avr/5.4.0/avr5\libgcc.a(_umulhisi3.o)
 .text.libgcc   0x00000000        0x0 c:/program files (x86)/atmel/studio/7.0/toolchain/avr8/avr8-gnu-toolchain/bin/../lib/gcc/avr/5.4.0/avr5\libgcc.a(_umulhisi3.o)
 .text.libgcc.prologue
                0x00000000        0x0 c:/program files (x86)/atmel/studio/7.0/toolchain/avr8/avr8-gnu-toolchain/bin/../lib/gcc/avr/5.4.0/avr5\libgcc.a(_umulhisi3.o)
 .text.libgcc.builtins
                0x00000000        0x0 c:/program files (x86)/atmel/studio/7.0/toolchain/avr8/avr8-gnu-toolchain/bin/../lib/gcc/avr/5.4.0/avr5\libgcc.a(_umulhisi3.o)
 .text.libgcc.fmul
                0x00000000        0x0 c:/program files (x86)/atmel/studio/7.0/toolchain/avr8/avr8-gnu-toolchain/bin/../lib/gcc/avr/5.4.0/avr5\libgcc.a(_umulhisi3.o)
 .text.libgcc.fixed
                0x00000000        0x0 c:/program files (x86)/atmel/studio/7.0/toolchain/avr8/avr8-gnu-toolchain/bin/../lib/gcc/avr/5.4.0/avr5\libgcc.a(_umulhisi3.o)

Memory Configuration

Name             Origin             Length             Attributes
text             0x00000000         0x00020000         xr
data             0x00800060         0x0000ffa0         rw !x
eeprom           0x00810000         0x00010000         rw !x
fuse             0x00820000         0x00000002         rw !x
lock             0x00830000         0x00000400         rw !x
signature        0x00840000         0x00000400         rw !x
user_signatures  0x00850000         0x00000400         rw !x
*default*        0x00000000         0xffffffff

Linker script and memory map

LOAD C:/Program Files (x86)/Atmel/Studio/7.0/Packs/atmel/ATmega_DFP/1.3.300/gcc/dev/atmega32/avr5/crtatmega32.o
LOAD APP/CarSM/CarSM.o
LOAD APP/Steering/Steering.o
LOAD ECUAL/LCD/char_lcd.o
LOAD ECUAL/LCD/gpio.o
LOAD ECUAL/LCD/softwareDelay.o
LOAD ECUAL/Motor/Motor.o
LOAD ECUAL/SwDelay/SwDelay.o
LOAD ECUAL/SwICU/SwICU.o
LOAD ECUAL/SwICU/SwICU_Cfg.o
LOAD ECUAL/Us/Us.o
LOAD main.o
LOAD MCAL/DIO/DIO.o
LOAD MCAL/PWM/PWM.o
LOAD MCAL/PWM/PWM_Cfg.o
LOAD MCAL/Timer/Timer.o
LOAD MCAL/Timer/Timer_Cfg.o
LOAD Test/Test.o
START GROUP
LOAD c:/program files (x86)/atmel/studio/7.0/toolchain/avr8/avr8-gnu-toolchain/bin/../lib/gcc/avr/5.4.0/../../../../avr/lib/avr5\libm.a
END GROUP
START GROUP
LOAD c:/program files (x86)/atmel/studio/7.0/toolchain/avr8/avr8-gnu-toolchain/bin/../lib/gcc/avr/5.4.0/avr5\libgcc.a
LOAD c:/program files (x86)/atmel/studio/7.0/toolchain/avr8/avr8-gnu-toolchain/bin/../lib/gcc/avr/5.4.0/../../../../avr/lib/avr5\libm.a
LOAD c:/program files (x86)/atmel/studio/7.0/toolchain/avr8/avr8-gnu-toolchain/bin/../lib/gcc/avr/5.4.0/../../../../avr/lib/avr5\libc.a
LOAD C:/Program Files (x86)/Atmel/Studio/7.0/Packs/atmel/ATmega_DFP/1.3.300/gcc/dev/atmega32/avr5\libatmega32.a
END GROUP
                0x00000000                __TEXT_REGION_ORIGIN__ = DEFINED (__TEXT_REGION_ORIGIN__)?__TEXT_REGION_ORIGIN__:0x0
                0x00800060                __DATA_REGION_ORIGIN__ = DEFINED (__DATA_REGION_ORIGIN__)?__DATA_REGION_ORIGIN__:0x800060
                0x00020000                __TEXT_REGION_LENGTH__ = DEFINED (__TEXT_REGION_LENGTH__)?__TEXT_REGION_LENGTH__:0x20000
                0x0000ffa0                __DATA_REGION_LENGTH__ = DEFINED (__DATA_REGION_LENGTH__)?__DATA_REGION_LENGTH__:0xffa0
                0x00010000                __EEPROM_REGION_LENGTH__ = DEFINED (__EEPROM_REGION_LENGTH__)?__EEPROM_REGION_LENGTH__:0x10000
                [0x00000002]                __FUSE_REGION_LENGTH__ = DEFINED (__FUSE_REGION_LENGTH__)?__FUSE_REGION_LENGTH__:0x400
                0x00000400                __LOCK_REGION_LENGTH__ = DEFINED (__LOCK_REGION_LENGTH__)?__LOCK_REGION_LENGTH__:0x400
                0x00000400                __SIGNATURE_REGION_LENGTH__ = DEFINED (__SIGNATURE_REGION_LENGTH__)?__SIGNATURE_REGION_LENGTH__:0x400
                0x00000400                __USER_SIGNATURE_REGION_LENGTH__ = DEFINED (__USER_SIGNATURE_REGION_LENGTH__)?__USER_SIGNATURE_REGION_LENGTH__:0x400

.hash
 *(.hash)

.dynsym
 *(.dynsym)

.dynstr
 *(.dynstr)

.gnu.version
 *(.gnu.version)

.gnu.version_d
 *(.gnu.version_d)

.gnu.version_r
 *(.gnu.version_r)

.rel.init
 *(.rel.init)

.rela.init
 *(.rela.init)

.rel.text
 *(.rel.text)
 *(.rel.text.*)
 *(.rel.gnu.linkonce.t*)

.rela.text
 *(.rela.text)
 *(.rela.text.*)
 *(.rela.gnu.linkonce.t*)

.rel.fini
 *(.rel.fini)

.rela.fini
 *(.rela.fini)

.rel.rodata
 *(.rel.rodata)
 *(.rel.rodata.*)
 *(.rel.gnu.linkonce.r*)

.rela.rodata
 *(.rela.rodata)
 *(.rela.rodata.*)
 *(.rela.gnu.linkonce.r*)

.rel.data
 *(.rel.data)
 *(.rel.data.*)
 *(.rel.gnu.linkonce.d*)

.rela.data
 *(.rela.data)
 *(.rela.data.*)
 *(.rela.gnu.linkonce.d*)

.rel.ctors
 *(.rel.ctors)

.rela.ctors
 *(.rela.ctors)

.rel.dtors
 *(.rel.dtors)

.rela.dtors
 *(.rela.dtors)

.rel.got
 *(.rel.got)

.rela.got
 *(.rela.got)

.rel.bss
 *(.rel.bss)

.rela.bss
 *(.rela.bss)

.rel.plt
 *(.rel.plt)

.rela.plt
 *(.rela.plt)

.text           0x00000000      0xe38
 *(.vectors)
 .vectors       0x00000000       0x54 C:/Program Files (x86)/Atmel/Studio/7.0/Packs/atmel/ATmega_DFP/1.3.300/gcc/dev/atmega32/avr5/crtatmega32.o
                0x00000000                __vector_default
                0x00000000                __vectors
 *(.vectors)
 *(.progmem.gcc*)
                0x00000054                . = ALIGN (0x2)
                0x00000054                __trampolines_start = .
 *(.trampolines)
 .trampolines   0x00000054        0x0 linker stubs
 *(.trampolines*)
                0x00000054                __trampolines_end = .
 *libprintf_flt.a:*(.progmem.data)
 *libc.a:*(.progmem.data)
 *(.progmem*)
                0x00000054                . = ALIGN (0x2)
 *(.jumptables)
 *(.jumptables*)
 *(.lowtext)
 *(.lowtext*)
                0x00000054                __ctors_start = .
 *(.ctors)
                0x00000054                __ctors_end = .
                0x00000054                __dtors_start = .
 *(.dtors)
                0x00000054                __dtors_end = .
 SORT(*)(.ctors)
 SORT(*)(.dtors)
 *(.init0)
 .init0         0x00000054        0x0 C:/Program Files (x86)/Atmel/Studio/7.0/Packs/atmel/ATmega_DFP/1.3.300/gcc/dev/atmega32/avr5/crtatmega32.o
                0x00000054                __init
 *(.init0)
 *(.init1)
 *(.init1)
 *(.init2)
 .init2         0x00000054        0xc C:/Program Files (x86)/Atmel/Studio/7.0/Packs/atmel/ATmega_DFP/1.3.300/gcc/dev/atmega32/avr5/crtatmega32.o
 *(.init2)
 *(.init3)
 *(.init3)
 *(.init4)
 .init4         0x00000060       0x16 c:/program files (x86)/atmel/studio/7.0/toolchain/avr8/avr8-gnu-toolchain/bin/../lib/gcc/avr/5.4.0/avr5\libgcc.a(_copy_data.o)
                0x00000060                __do_copy_data
 .init4         0x00000076       0x10 c:/program files (x86)/atmel/studio/7.0/toolchain/avr8/avr8-gnu-toolchain/bin/../lib/gcc/avr/5.4.0/avr5\libgcc.a(_clear_bss.o)
                0x00000076                __do_clear_bss
 *(.init4)
 *(.init5)
 *(.init5)
 *(.init6)
 *(.init6)
 *(.init7)
 *(.init7)
 *(.init8)
 *(.init8)
 *(.init9)
 .init9         0x00000086        0x8 C:/Program Files (x86)/Atmel/Studio/7.0/Packs/atmel/ATmega_DFP/1.3.300/gcc/dev/atmega32/avr5/crtatmega32.o
 *(.init9)
 *(.text)
 .text          0x0000008e        0x4 C:/Program Files (x86)/Atmel/Studio/7.0/Packs/atmel/ATmega_DFP/1.3.300/gcc/dev/atmega32/avr5/crtatmega32.o
                0x0000008e                __vector_1
                0x0000008e                __vector_12
                0x0000008e                __bad_interrupt
                0x0000008e                __vector_6
                0x0000008e                __vector_13
                0x0000008e                __vector_17
                0x0000008e                __vector_19
                0x0000008e                __vector_7
                0x0000008e                __vector_4
                0x0000008e                __vector_9
                0x0000008e                __vector_2
                0x0000008e                __vector_15
                0x0000008e                __vector_8
                0x0000008e                __vector_14
                0x0000008e                __vector_16
                0x0000008e                __vector_18
                0x0000008e                __vector_20
                0x00000092                . = ALIGN (0x2)
 *(.text.*)
 .text.Car_SM_Init
                0x00000092       0x18 APP/CarSM/CarSM.o
                0x00000092                Car_SM_Init
 .text.Car_SM_Update
                0x000000aa      0x13e APP/CarSM/CarSM.o
                0x000000aa                Car_SM_Update
 .text.Steering_Init
                0x000001e8       0x30 APP/Steering/Steering.o
                0x000001e8                Steering_Init
 .text.Steering_SteerCar
                0x00000218       0x90 APP/Steering/Steering.o
                0x00000218                Steering_SteerCar
 .text.LCD_EN_pulse
                0x000002a8       0x2e ECUAL/LCD/char_lcd.o
                0x000002a8                LCD_EN_pulse
 .text.LCD_config_pins
                0x000002d6       0x48 ECUAL/LCD/char_lcd.o
                0x000002d6                LCD_config_pins
 .text.LCD_send_nibble
                0x0000031e       0x74 ECUAL/LCD/char_lcd.o
                0x0000031e                LCD_send_nibble
 .text.LCD_send_char
                0x00000392       0x36 ECUAL/LCD/char_lcd.o
                0x00000392                LCD_send_char
 .text.LCD_send_command
                0x000003c8       0x36 ECUAL/LCD/char_lcd.o
                0x000003c8                LCD_send_command
 .text.LCD_init
                0x000003fe       0x48 ECUAL/LCD/char_lcd.o
                0x000003fe                LCD_init
 .text.LCD_clear
                0x00000446        0x8 ECUAL/LCD/char_lcd.o
                0x00000446                LCD_clear
 .text.LCD_send_string
                0x0000044e       0x1e ECUAL/LCD/char_lcd.o
                0x0000044e                LCD_send_string
 .text.reverse  0x0000046c       0x4c ECUAL/LCD/char_lcd.o
                0x0000046c                reverse
 .text.itoa_    0x000004b8       0xf2 ECUAL/LCD/char_lcd.o
                0x000004b8                itoa_
 .text.gpioPinDirection
                0x000005aa       0x56 ECUAL/LCD/gpio.o
                0x000005aa                gpioPinDirection
 .text.gpioPinWrite
                0x00000600       0x56 ECUAL/LCD/gpio.o
                0x00000600                gpioPinWrite
 .text.SwDelay_ms
                0x00000656       0x2c ECUAL/LCD/softwareDelay.o
                0x00000656                SwDelay_ms
 .text.Motor_Init
                0x00000682       0xa4 ECUAL/Motor/Motor.o
                0x00000682                Motor_Init
 .text.Motor_Direction
                0x00000726       0xe4 ECUAL/Motor/Motor.o
                0x00000726                Motor_Direction
 .text.Motor_Start
                0x0000080a       0x60 ECUAL/Motor/Motor.o
                0x0000080a                Motor_Start
 .text.Motor_SpeedUpdate
                0x0000086a       0x3a ECUAL/Motor/Motor.o
                0x0000086a                Motor_SpeedUpdate
 .text.softwareDelayMs
                0x000008a4       0x4e ECUAL/SwDelay/SwDelay.o
                0x000008a4                softwareDelayMs
 .text.Icu_Init
                0x000008f2       0x20 ECUAL/SwICU/SwICU.o
                0x000008f2                Icu_Init
 .text.Icu_ReadTime
                0x00000912       0x64 ECUAL/SwICU/SwICU.o
                0x00000912                Icu_ReadTime
 .text.__vector_3
                0x00000976       0xae ECUAL/SwICU/SwICU.o
                0x00000976                __vector_3
 .text.Us_Init  0x00000a24       0x48 ECUAL/Us/Us.o
                0x00000a24                Us_Init
 .text.Us_Trigger
                0x00000a6c       0x24 ECUAL/Us/Us.o
                0x00000a6c                Us_Trigger
 .text.main     0x00000a90        0xe main.o
                0x00000a90                main
 .text.DIO_init
                0x00000a9e       0x9a MCAL/DIO/DIO.o
                0x00000a9e                DIO_init
 .text.DIO_Write
                0x00000b38       0x6e MCAL/DIO/DIO.o
                0x00000b38                DIO_Write
 .text.Pwm_Init
                0x00000ba6       0x34 MCAL/PWM/PWM.o
                0x00000ba6                Pwm_Init
 .text.Pwm_Start
                0x00000bda       0x72 MCAL/PWM/PWM.o
                0x00000bda                Pwm_Start
 .text.Timer_Init
                0x00000c4c       0x6e MCAL/Timer/Timer.o
                0x00000c4c                Timer_Init
 .text.Timer_Start
                0x00000cba       0x40 MCAL/Timer/Timer.o
                0x00000cba                Timer_Start
 .text.Timer_Stop
                0x00000cfa       0x20 MCAL/Timer/Timer.o
                0x00000cfa                Timer_Stop
 .text.Timer_SetValue
                0x00000d1a       0x1c MCAL/Timer/Timer.o
                0x00000d1a                Timer_SetValue
 .text.Timer_GetValue
                0x00000d36       0x44 MCAL/Timer/Timer.o
                0x00000d36                Timer_GetValue
 .text.__vector_11
                0x00000d7a       0x16 MCAL/Timer/Timer.o
                0x00000d7a                __vector_11
 .text.__vector_10
                0x00000d90       0x16 MCAL/Timer/Timer.o
                0x00000d90                __vector_10
 .text.__vector_5
                0x00000da6       0x16 MCAL/Timer/Timer.o
                0x00000da6                __vector_5
 .text.libgcc.div
                0x00000dbc       0x44 c:/program files (x86)/atmel/studio/7.0/toolchain/avr8/avr8-gnu-toolchain/bin/../lib/gcc/avr/5.4.0/avr5\libgcc.a(_udivmodsi4.o)
                0x00000dbc                __udivmodsi4
 .text.libgcc.mul
                0x00000e00       0x16 c:/program files (x86)/atmel/studio/7.0/toolchain/avr8/avr8-gnu-toolchain/bin/../lib/gcc/avr/5.4.0/avr5\libgcc.a(_muluhisi3.o)
                0x00000e00                __muluhisi3
 .text.libgcc.mul
                0x00000e16       0x1e c:/program files (x86)/atmel/studio/7.0/toolchain/avr8/avr8-gnu-toolchain/bin/../lib/gcc/avr/5.4.0/avr5\libgcc.a(_umulhisi3.o)
                0x00000e16                __umulhisi3
                0x00000e34                . = ALIGN (0x2)
 *(.fini9)
 .fini9         0x00000e34        0x0 c:/program files (x86)/atmel/studio/7.0/toolchain/avr8/avr8-gnu-toolchain/bin/../lib/gcc/avr/5.4.0/avr5\libgcc.a(_exit.o)
                0x00000e34                _exit
                0x00000e34                exit
 *(.fini9)
 *(.fini8)
 *(.fini8)
 *(.fini7)
 *(.fini7)
 *(.fini6)
 *(.fini6)
 *(.fini5)
 *(.fini5)
 *(.fini4)
 *(.fini4)
 *(.fini3)
 *(.fini3)
 *(.fini2)
 *(.fini2)
 *(.fini1)
 *(.fini1)
 *(.fini0)
 .fini0         0x00000e34        0x4 c:/program files (x86)/atmel/studio/7.0/toolchain/avr8/avr8-gnu-toolchain/bin/../lib/gcc/avr/5.4.0/avr5\libgcc.a(_exit.o)
 *(.fini0)
                0x00000e38                _etext = .

.data           0x00800060        0xe load address 0x00000e38
                0x00800060                PROVIDE (__data_start, .)
 *(.data)
 *(.data*)
 .data.Icu_config
                0x00800060        0x2 ECUAL/SwICU/SwICU_Cfg.o
                0x00800060                Icu_config
 .data.gstrPwmConfig
                0x00800062        0x2 MCAL/PWM/PWM_Cfg.o
                0x00800062                gstrPwmConfig
 .data.gstrTimerConfig
                0x00800064        0xa MCAL/Timer/Timer_Cfg.o
                0x00800064                gstrTimerConfig
 *(.gnu.linkonce.d*)
 *(.rodata)
 *(.rodata*)
 *(.gnu.linkonce.r*)
                0x0080006e                . = ALIGN (0x2)
                0x0080006e                _edata = .
                0x0080006e                PROVIDE (__data_end, .)

.bss            0x0080006e        0x8
                0x0080006e                PROVIDE (__bss_start, .)
 *(.bss)
 *(.bss*)
 .bss.gu16_Icu_Time
                0x0080006e        0x2 ECUAL/SwICU/SwICU.o
 .bss.gu8_onFallPulseCapture_flag
                0x00800070        0x1 ECUAL/SwICU/SwICU.o
 .bss.gu8_t1Prescaler
                0x00800071        0x1 MCAL/PWM/PWM.o
 .bss.gu8_t2Prescaler
                0x00800072        0x1 MCAL/Timer/Timer.o
 .bss.gu16_t1Prescaler
                0x00800073        0x2 MCAL/Timer/Timer.o
 .bss.gu8_t0Prescaler
                0x00800075        0x1 MCAL/Timer/Timer.o
 *(COMMON)
                0x00800076                PROVIDE (__bss_end, .)
                0x00000e38                __data_load_start = LOADADDR (.data)
                0x00000e46                __data_load_end = (__data_load_start + SIZEOF (.data))

.noinit         0x00800076        0x0
                [!provide]                PROVIDE (__noinit_start, .)
 *(.noinit*)
                [!provide]                PROVIDE (__noinit_end, .)
                0x00800076                _end = .
                [!provide]                PROVIDE (__heap_start, .)

.eeprom         0x00810000        0x0
 *(.eeprom*)
                0x00810000                __eeprom_end = .

.fuse
 *(.fuse)
 *(.lfuse)
 *(.hfuse)
 *(.efuse)

.lock
 *(.lock*)

.signature
 *(.signature*)

.user_signatures
 *(.user_signatures*)

.stab
 *(.stab)

.stabstr
 *(.stabstr)

.stab.excl
 *(.stab.excl)

.stab.exclstr
 *(.stab.exclstr)

.stab.index
 *(.stab.index)

.stab.indexstr
 *(.stab.indexstr)

.comment        0x00000000       0x30
 *(.comment)
 .comment       0x00000000       0x30 APP/CarSM/CarSM.o
                                 0x31 (size before relaxing)
 .comment       0x00000030       0x31 APP/Steering/Steering.o
 .comment       0x00000030       0x31 ECUAL/LCD/char_lcd.o
 .comment       0x00000030       0x31 ECUAL/LCD/gpio.o
 .comment       0x00000030       0x31 ECUAL/LCD/softwareDelay.o
 .comment       0x00000030       0x31 ECUAL/Motor/Motor.o
 .comment       0x00000030       0x31 ECUAL/SwDelay/SwDelay.o
 .comment       0x00000030       0x31 ECUAL/SwICU/SwICU.o
 .comment       0x00000030       0x31 ECUAL/SwICU/SwICU_Cfg.o
 .comment       0x00000030       0x31 ECUAL/Us/Us.o
 .comment       0x00000030       0x31 main.o
 .comment       0x00000030       0x31 MCAL/DIO/DIO.o
 .comment       0x00000030       0x31 MCAL/PWM/PWM.o
 .comment       0x00000030       0x31 MCAL/PWM/PWM_Cfg.o
 .comment       0x00000030       0x31 MCAL/Timer/Timer.o
 .comment       0x00000030       0x31 MCAL/Timer/Timer_Cfg.o

.note.gnu.avr.deviceinfo
                0x00000000       0x3c
 .note.gnu.avr.deviceinfo
                0x00000000       0x3c C:/Program Files (x86)/Atmel/Studio/7.0/Packs/atmel/ATmega_DFP/1.3.300/gcc/dev/atmega32/avr5/crtatmega32.o

.note.gnu.build-id
 *(.note.gnu.build-id)

.debug
 *(.debug)

.line
 *(.line)

.debug_srcinfo
 *(.debug_srcinfo)

.debug_sfnames
 *(.debug_sfnames)

.debug_aranges  0x00000000      0x380
 *(.debug_aranges)
 .debug_aranges
                0x00000000       0x28 APP/CarSM/CarSM.o
 .debug_aranges
                0x00000028       0x28 APP/Steering/Steering.o
 .debug_aranges
                0x00000050       0x70 ECUAL/LCD/char_lcd.o
 .debug_aranges
                0x000000c0       0x98 ECUAL/LCD/gpio.o
 .debug_aranges
                0x00000158       0x28 ECUAL/LCD/softwareDelay.o
 .debug_aranges
                0x00000180       0x48 ECUAL/Motor/Motor.o
 .debug_aranges
                0x000001c8       0x20 ECUAL/SwDelay/SwDelay.o
 .debug_aranges
                0x000001e8       0x30 ECUAL/SwICU/SwICU.o
 .debug_aranges
                0x00000218       0x18 ECUAL/SwICU/SwICU_Cfg.o
 .debug_aranges
                0x00000230       0x30 ECUAL/Us/Us.o
 .debug_aranges
                0x00000260       0x20 main.o
 .debug_aranges
                0x00000280       0x38 MCAL/DIO/DIO.o
 .debug_aranges
                0x000002b8       0x38 MCAL/PWM/PWM.o
 .debug_aranges
                0x000002f0       0x18 MCAL/PWM/PWM_Cfg.o
 .debug_aranges
                0x00000308       0x60 MCAL/Timer/Timer.o
 .debug_aranges
                0x00000368       0x18 MCAL/Timer/Timer_Cfg.o

.debug_pubnames
 *(.debug_pubnames)

.debug_info     0x00000000     0x2e1f
 *(.debug_info .gnu.linkonce.wi.*)
 .debug_info    0x00000000      0x4e6 C:/Program Files (x86)/Atmel/Studio/7.0/Packs/atmel/ATmega_DFP/1.3.300/gcc/dev/atmega32/avr5/crtatmega32.o
 .debug_info    0x000004e6      0x38c APP/CarSM/CarSM.o
 .debug_info    0x00000872      0x2a8 APP/Steering/Steering.o
 .debug_info    0x00000b1a      0x7a4 ECUAL/LCD/char_lcd.o
 .debug_info    0x000012be      0x493 ECUAL/LCD/gpio.o
 .debug_info    0x00001751       0xe9 ECUAL/LCD/softwareDelay.o
 .debug_info    0x0000183a      0x675 ECUAL/Motor/Motor.o
 .debug_info    0x00001eaf       0xb9 ECUAL/SwDelay/SwDelay.o
 .debug_info    0x00001f68      0x2c5 ECUAL/SwICU/SwICU.o
 .debug_info    0x0000222d       0xa7 ECUAL/SwICU/SwICU_Cfg.o
 .debug_info    0x000022d4      0x1fd ECUAL/Us/Us.o
 .debug_info    0x000024d1       0xad main.o
 .debug_info    0x0000257e      0x1e1 MCAL/DIO/DIO.o
 .debug_info    0x0000275f      0x251 MCAL/PWM/PWM.o
 .debug_info    0x000029b0       0xa7 MCAL/PWM/PWM_Cfg.o
 .debug_info    0x00002a57      0x2f7 MCAL/Timer/Timer.o
 .debug_info    0x00002d4e       0xd1 MCAL/Timer/Timer_Cfg.o

.debug_abbrev   0x00000000     0x1185
 *(.debug_abbrev)
 .debug_abbrev  0x00000000      0x4a3 C:/Program Files (x86)/Atmel/Studio/7.0/Packs/atmel/ATmega_DFP/1.3.300/gcc/dev/atmega32/avr5/crtatmega32.o
 .debug_abbrev  0x000004a3      0x105 APP/CarSM/CarSM.o
 .debug_abbrev  0x000005a8       0xb6 APP/Steering/Steering.o
 .debug_abbrev  0x0000065e      0x180 ECUAL/LCD/char_lcd.o
 .debug_abbrev  0x000007de      0x154 ECUAL/LCD/gpio.o
 .debug_abbrev  0x00000932       0x89 ECUAL/LCD/softwareDelay.o
 .debug_abbrev  0x000009bb      0x12f ECUAL/Motor/Motor.o
 .debug_abbrev  0x00000aea       0x7f ECUAL/SwDelay/SwDelay.o
 .debug_abbrev  0x00000b69      0x123 ECUAL/SwICU/SwICU.o
 .debug_abbrev  0x00000c8c       0x62 ECUAL/SwICU/SwICU_Cfg.o
 .debug_abbrev  0x00000cee       0xfb ECUAL/Us/Us.o
 .debug_abbrev  0x00000de9       0x65 main.o
 .debug_abbrev  0x00000e4e       0xd1 MCAL/DIO/DIO.o
 .debug_abbrev  0x00000f1f       0xd3 MCAL/PWM/PWM.o
 .debug_abbrev  0x00000ff2       0x62 MCAL/PWM/PWM_Cfg.o
 .debug_abbrev  0x00001054       0xcf MCAL/Timer/Timer.o
 .debug_abbrev  0x00001123       0x62 MCAL/Timer/Timer_Cfg.o

.debug_line     0x00000000     0x1a92
 *(.debug_line .debug_line.* .debug_line_end)
 .debug_line    0x00000000      0x115 C:/Program Files (x86)/Atmel/Studio/7.0/Packs/atmel/ATmega_DFP/1.3.300/gcc/dev/atmega32/avr5/crtatmega32.o
 .debug_line    0x00000115      0x1f3 APP/CarSM/CarSM.o
 .debug_line    0x00000308      0x140 APP/Steering/Steering.o
 .debug_line    0x00000448      0x2f3 ECUAL/LCD/char_lcd.o
 .debug_line    0x0000073b      0x506 ECUAL/LCD/gpio.o
 .debug_line    0x00000c41       0xa5 ECUAL/LCD/softwareDelay.o
 .debug_line    0x00000ce6      0x2b5 ECUAL/Motor/Motor.o
 .debug_line    0x00000f9b       0x9e ECUAL/SwDelay/SwDelay.o
 .debug_line    0x00001039      0x1cc ECUAL/SwICU/SwICU.o
 .debug_line    0x00001205       0x67 ECUAL/SwICU/SwICU_Cfg.o
 .debug_line    0x0000126c      0x104 ECUAL/Us/Us.o
 .debug_line    0x00001370       0x65 main.o
 .debug_line    0x000013d5      0x24c MCAL/DIO/DIO.o
 .debug_line    0x00001621      0x14f MCAL/PWM/PWM.o
 .debug_line    0x00001770       0x5d MCAL/PWM/PWM_Cfg.o
 .debug_line    0x000017cd      0x260 MCAL/Timer/Timer.o
 .debug_line    0x00001a2d       0x65 MCAL/Timer/Timer_Cfg.o

.debug_frame    0x00000000      0x69c
 *(.debug_frame)
 .debug_frame   0x00000000       0x44 APP/CarSM/CarSM.o
 .debug_frame   0x00000044       0x40 APP/Steering/Steering.o
 .debug_frame   0x00000084      0x14c ECUAL/LCD/char_lcd.o
 .debug_frame   0x000001d0      0x114 ECUAL/LCD/gpio.o
 .debug_frame   0x000002e4       0x34 ECUAL/LCD/softwareDelay.o
 .debug_frame   0x00000318       0x9c ECUAL/Motor/Motor.o
 .debug_frame   0x000003b4       0x34 ECUAL/SwDelay/SwDelay.o
 .debug_frame   0x000003e8       0x8c ECUAL/SwICU/SwICU.o
 .debug_frame   0x00000474       0x54 ECUAL/Us/Us.o
 .debug_frame   0x000004c8       0x24 main.o
 .debug_frame   0x000004ec       0x54 MCAL/DIO/DIO.o
 .debug_frame   0x00000540       0x94 MCAL/PWM/PWM.o
 .debug_frame   0x000005d4       0xc8 MCAL/Timer/Timer.o

.debug_str      0x00000000      0xb06
 *(.debug_str)
 .debug_str     0x00000000      0x196 C:/Program Files (x86)/Atmel/Studio/7.0/Packs/atmel/ATmega_DFP/1.3.300/gcc/dev/atmega32/avr5/crtatmega32.o
 .debug_str     0x00000196      0x255 APP/CarSM/CarSM.o
                                0x289 (size before relaxing)
 .debug_str     0x000003eb       0x77 APP/Steering/Steering.o
                                0x202 (size before relaxing)
 .debug_str     0x00000462       0xcd ECUAL/LCD/char_lcd.o
                                0x270 (size before relaxing)
 .debug_str     0x0000052f      0x135 ECUAL/LCD/gpio.o
                                0x2d5 (size before relaxing)
 .debug_str     0x00000664       0x3f ECUAL/LCD/softwareDelay.o
                                0x1c0 (size before relaxing)
 .debug_str     0x000006a3      0x110 ECUAL/Motor/Motor.o
                                0x2de (size before relaxing)
 .debug_str     0x000007b3       0x34 ECUAL/SwDelay/SwDelay.o
                                0x1b0 (size before relaxing)
 .debug_str     0x000007e7      0x10b ECUAL/SwICU/SwICU.o
                                0x2ed (size before relaxing)
 .debug_str     0x000008f2       0x1b ECUAL/SwICU/SwICU_Cfg.o
                                0x1be (size before relaxing)
 .debug_str     0x0000090d       0x41 ECUAL/Us/Us.o
                                0x217 (size before relaxing)
 .debug_str     0x0000094e       0x11 main.o
                                0x18e (size before relaxing)
 .debug_str     0x0000095f       0x2f MCAL/DIO/DIO.o
                                0x1e7 (size before relaxing)
 .debug_str     0x0000098e       0x93 MCAL/PWM/PWM.o
                                0x263 (size before relaxing)
 .debug_str     0x00000a21       0x16 MCAL/PWM/PWM_Cfg.o
                                0x1ad (size before relaxing)
 .debug_str     0x00000a37       0xb5 MCAL/Timer/Timer.o
                                0x2db (size before relaxing)
 .debug_str     0x00000aec       0x1a MCAL/Timer/Timer_Cfg.o
                                0x1e2 (size before relaxing)

.debug_loc      0x00000000     0x21f3
 *(.debug_loc)
 .debug_loc     0x00000000       0x47 APP/CarSM/CarSM.o
 .debug_loc     0x00000047       0x87 APP/Steering/Steering.o
 .debug_loc     0x000000ce      0x5d7 ECUAL/LCD/char_lcd.o
 .debug_loc     0x000006a5      0xb3f ECUAL/LCD/gpio.o
 .debug_loc     0x000011e4       0xed ECUAL/LCD/softwareDelay.o
 .debug_loc     0x000012d1      0x398 ECUAL/Motor/Motor.o
 .debug_loc     0x00001669       0x7c ECUAL/SwDelay/SwDelay.o
 .debug_loc     0x000016e5      0x13b ECUAL/SwICU/SwICU.o
 .debug_loc     0x00001820       0x6e ECUAL/Us/Us.o
 .debug_loc     0x0000188e      0x40d MCAL/DIO/DIO.o
 .debug_loc     0x00001c9b      0x2d2 MCAL/PWM/PWM.o
 .debug_loc     0x00001f6d      0x286 MCAL/Timer/Timer.o

.debug_macinfo
 *(.debug_macinfo)

.debug_weaknames
 *(.debug_weaknames)

.debug_funcnames
 *(.debug_funcnames)

.debug_typenames
 *(.debug_typenames)

.debug_varnames
 *(.debug_varnames)

.debug_pubtypes
 *(.debug_pubtypes)

.debug_ranges   0x00000000      0x268
 *(.debug_ranges)
 .debug_ranges  0x00000000       0x18 APP/CarSM/CarSM.o
 .debug_ranges  0x00000018       0x18 APP/Steering/Steering.o
 .debug_ranges  0x00000030       0x60 ECUAL/LCD/char_lcd.o
 .debug_ranges  0x00000090       0x88 ECUAL/LCD/gpio.o
 .debug_ranges  0x00000118       0x18 ECUAL/LCD/softwareDelay.o
 .debug_ranges  0x00000130       0x38 ECUAL/Motor/Motor.o
 .debug_ranges  0x00000168       0x10 ECUAL/SwDelay/SwDelay.o
 .debug_ranges  0x00000178       0x20 ECUAL/SwICU/SwICU.o
 .debug_ranges  0x00000198       0x20 ECUAL/Us/Us.o
 .debug_ranges  0x000001b8       0x10 main.o
 .debug_ranges  0x000001c8       0x28 MCAL/DIO/DIO.o
 .debug_ranges  0x000001f0       0x28 MCAL/PWM/PWM.o
 .debug_ranges  0x00000218       0x50 MCAL/Timer/Timer.o

.debug_macro
 *(.debug_macro)
OUTPUT(ObstacleDetection.elf elf32-avr)
LOAD linker stubs
