Archive member included to satisfy reference by file (symbol)

c:/program files (x86)/atmel/studio/7.0/toolchain/avr8/avr8-gnu-toolchain/bin/../lib/gcc/avr/5.4.0/../../../../avr/lib/avr5\libm.a(fixunssfsi.o)
                              SL/TMU/TMU.o (__fixunssfsi)
c:/program files (x86)/atmel/studio/7.0/toolchain/avr8/avr8-gnu-toolchain/bin/../lib/gcc/avr/5.4.0/../../../../avr/lib/avr5\libm.a(floatsisf.o)
                              SL/TMU/TMU.o (__floatunsisf)
c:/program files (x86)/atmel/studio/7.0/toolchain/avr8/avr8-gnu-toolchain/bin/../lib/gcc/avr/5.4.0/../../../../avr/lib/avr5\libm.a(fp_split3.o)
                              c:/program files (x86)/atmel/studio/7.0/toolchain/avr8/avr8-gnu-toolchain/bin/../lib/gcc/avr/5.4.0/../../../../avr/lib/avr5\libm.a(fixunssfsi.o) (__fp_splitA)
c:/program files (x86)/atmel/studio/7.0/toolchain/avr8/avr8-gnu-toolchain/bin/../lib/gcc/avr/5.4.0/../../../../avr/lib/avr5\libm.a(fp_zero.o)
                              c:/program files (x86)/atmel/studio/7.0/toolchain/avr8/avr8-gnu-toolchain/bin/../lib/gcc/avr/5.4.0/../../../../avr/lib/avr5\libm.a(fixunssfsi.o) (__fp_zero)
c:/program files (x86)/atmel/studio/7.0/toolchain/avr8/avr8-gnu-toolchain/bin/../lib/gcc/avr/5.4.0/../../../../avr/lib/avr5\libm.a(mulsf3.o)
                              SL/TMU/TMU.o (__mulsf3)
c:/program files (x86)/atmel/studio/7.0/toolchain/avr8/avr8-gnu-toolchain/bin/../lib/gcc/avr/5.4.0/../../../../avr/lib/avr5\libm.a(mulsf3x.o)
                              c:/program files (x86)/atmel/studio/7.0/toolchain/avr8/avr8-gnu-toolchain/bin/../lib/gcc/avr/5.4.0/../../../../avr/lib/avr5\libm.a(mulsf3.o) (__mulsf3x)
c:/program files (x86)/atmel/studio/7.0/toolchain/avr8/avr8-gnu-toolchain/bin/../lib/gcc/avr/5.4.0/../../../../avr/lib/avr5\libm.a(fp_inf.o)
                              c:/program files (x86)/atmel/studio/7.0/toolchain/avr8/avr8-gnu-toolchain/bin/../lib/gcc/avr/5.4.0/../../../../avr/lib/avr5\libm.a(mulsf3x.o) (__fp_inf)
c:/program files (x86)/atmel/studio/7.0/toolchain/avr8/avr8-gnu-toolchain/bin/../lib/gcc/avr/5.4.0/../../../../avr/lib/avr5\libm.a(fp_nan.o)
                              c:/program files (x86)/atmel/studio/7.0/toolchain/avr8/avr8-gnu-toolchain/bin/../lib/gcc/avr/5.4.0/../../../../avr/lib/avr5\libm.a(mulsf3x.o) (__fp_nan)
c:/program files (x86)/atmel/studio/7.0/toolchain/avr8/avr8-gnu-toolchain/bin/../lib/gcc/avr/5.4.0/../../../../avr/lib/avr5\libm.a(fp_pscA.o)
                              c:/program files (x86)/atmel/studio/7.0/toolchain/avr8/avr8-gnu-toolchain/bin/../lib/gcc/avr/5.4.0/../../../../avr/lib/avr5\libm.a(mulsf3x.o) (__fp_pscA)
c:/program files (x86)/atmel/studio/7.0/toolchain/avr8/avr8-gnu-toolchain/bin/../lib/gcc/avr/5.4.0/../../../../avr/lib/avr5\libm.a(fp_pscB.o)
                              c:/program files (x86)/atmel/studio/7.0/toolchain/avr8/avr8-gnu-toolchain/bin/../lib/gcc/avr/5.4.0/../../../../avr/lib/avr5\libm.a(mulsf3x.o) (__fp_pscB)
c:/program files (x86)/atmel/studio/7.0/toolchain/avr8/avr8-gnu-toolchain/bin/../lib/gcc/avr/5.4.0/../../../../avr/lib/avr5\libm.a(fp_round.o)
                              c:/program files (x86)/atmel/studio/7.0/toolchain/avr8/avr8-gnu-toolchain/bin/../lib/gcc/avr/5.4.0/../../../../avr/lib/avr5\libm.a(mulsf3.o) (__fp_round)
c:/program files (x86)/atmel/studio/7.0/toolchain/avr8/avr8-gnu-toolchain/bin/../lib/gcc/avr/5.4.0/avr5\libgcc.a(_udivmodsi4.o)
                              APP/CarSM/CarSM.o (__udivmodsi4)
c:/program files (x86)/atmel/studio/7.0/toolchain/avr8/avr8-gnu-toolchain/bin/../lib/gcc/avr/5.4.0/avr5\libgcc.a(_exit.o)
                              C:/Program Files (x86)/Atmel/Studio/7.0/Packs/atmel/ATmega_DFP/1.3.300/gcc/dev/atmega32/avr5/crtatmega32.o (exit)
c:/program files (x86)/atmel/studio/7.0/toolchain/avr8/avr8-gnu-toolchain/bin/../lib/gcc/avr/5.4.0/avr5\libgcc.a(_copy_data.o)
                              ECUAL/SwICU/SwICU_Cfg.o (__do_copy_data)
c:/program files (x86)/atmel/studio/7.0/toolchain/avr8/avr8-gnu-toolchain/bin/../lib/gcc/avr/5.4.0/avr5\libgcc.a(_clear_bss.o)
                              ECUAL/SwICU/SwICU.o (__do_clear_bss)
c:/program files (x86)/atmel/studio/7.0/toolchain/avr8/avr8-gnu-toolchain/bin/../lib/gcc/avr/5.4.0/avr5\libgcc.a(_muluhisi3.o)
                              MCAL/PWM/PWM.o (__muluhisi3)
c:/program files (x86)/atmel/studio/7.0/toolchain/avr8/avr8-gnu-toolchain/bin/../lib/gcc/avr/5.4.0/avr5\libgcc.a(_umulhisi3.o)
                              c:/program files (x86)/atmel/studio/7.0/toolchain/avr8/avr8-gnu-toolchain/bin/../lib/gcc/avr/5.4.0/avr5\libgcc.a(_muluhisi3.o) (__umulhisi3)

Discarded input sections

 .data          0x00000000        0x0 C:/Program Files (x86)/Atmel/Studio/7.0/Packs/atmel/ATmega_DFP/1.3.300/gcc/dev/atmega32/avr5/crtatmega32.o
 .bss           0x00000000        0x0 C:/Program Files (x86)/Atmel/Studio/7.0/Packs/atmel/ATmega_DFP/1.3.300/gcc/dev/atmega32/avr5/crtatmega32.o
 .text          0x00000000        0x0 APP/CarSM/CarSM.o
 .data          0x00000000        0x0 APP/CarSM/CarSM.o
 .bss           0x00000000        0x0 APP/CarSM/CarSM.o
 .text.Car_SM_Init
                0x00000000       0x18 APP/CarSM/CarSM.o
 .text.Car_SM_Update
                0x00000000      0x13e APP/CarSM/CarSM.o
 .debug_info    0x00000000      0x38c APP/CarSM/CarSM.o
 .debug_abbrev  0x00000000      0x105 APP/CarSM/CarSM.o
 .debug_loc     0x00000000       0x47 APP/CarSM/CarSM.o
 .debug_aranges
                0x00000000       0x28 APP/CarSM/CarSM.o
 .debug_ranges  0x00000000       0x18 APP/CarSM/CarSM.o
 .debug_line    0x00000000      0x1f3 APP/CarSM/CarSM.o
 .debug_str     0x00000000      0x289 APP/CarSM/CarSM.o
 .comment       0x00000000       0x31 APP/CarSM/CarSM.o
 .debug_frame   0x00000000       0x44 APP/CarSM/CarSM.o
 .text          0x00000000        0x0 APP/Steering/Steering.o
 .data          0x00000000        0x0 APP/Steering/Steering.o
 .bss           0x00000000        0x0 APP/Steering/Steering.o
 .text.Steering_Init
                0x00000000       0x30 APP/Steering/Steering.o
 .text.Steering_SteerCar
                0x00000000       0x90 APP/Steering/Steering.o
 .debug_info    0x00000000      0x2a8 APP/Steering/Steering.o
 .debug_abbrev  0x00000000       0xb6 APP/Steering/Steering.o
 .debug_loc     0x00000000       0x87 APP/Steering/Steering.o
 .debug_aranges
                0x00000000       0x28 APP/Steering/Steering.o
 .debug_ranges  0x00000000       0x18 APP/Steering/Steering.o
 .debug_line    0x00000000      0x140 APP/Steering/Steering.o
 .debug_str     0x00000000      0x202 APP/Steering/Steering.o
 .comment       0x00000000       0x31 APP/Steering/Steering.o
 .debug_frame   0x00000000       0x40 APP/Steering/Steering.o
 .text          0x00000000        0x0 ECUAL/LCD/char_lcd.o
 .data          0x00000000        0x0 ECUAL/LCD/char_lcd.o
 .bss           0x00000000        0x0 ECUAL/LCD/char_lcd.o
 .text.LCD_EN_pulse
                0x00000000       0x2e ECUAL/LCD/char_lcd.o
 .text.LCD_config_pins
                0x00000000       0x48 ECUAL/LCD/char_lcd.o
 .text.LCD_send_nibble
                0x00000000       0x74 ECUAL/LCD/char_lcd.o
 .text.LCD_send_char
                0x00000000       0x36 ECUAL/LCD/char_lcd.o
 .text.LCD_send_command
                0x00000000       0x36 ECUAL/LCD/char_lcd.o
 .text.LCD_init
                0x00000000       0x48 ECUAL/LCD/char_lcd.o
 .text.LCD_clear
                0x00000000        0x8 ECUAL/LCD/char_lcd.o
 .text.LCD_send_string
                0x00000000       0x1e ECUAL/LCD/char_lcd.o
 .text.LCD_goto_xy
                0x00000000       0x1e ECUAL/LCD/char_lcd.o
 .text.reverse  0x00000000       0x4c ECUAL/LCD/char_lcd.o
 .text.itoa_    0x00000000       0xf2 ECUAL/LCD/char_lcd.o
 .debug_info    0x00000000      0x7a4 ECUAL/LCD/char_lcd.o
 .debug_abbrev  0x00000000      0x180 ECUAL/LCD/char_lcd.o
 .debug_loc     0x00000000      0x5d7 ECUAL/LCD/char_lcd.o
 .debug_aranges
                0x00000000       0x70 ECUAL/LCD/char_lcd.o
 .debug_ranges  0x00000000       0x60 ECUAL/LCD/char_lcd.o
 .debug_line    0x00000000      0x2f3 ECUAL/LCD/char_lcd.o
 .debug_str     0x00000000      0x270 ECUAL/LCD/char_lcd.o
 .comment       0x00000000       0x31 ECUAL/LCD/char_lcd.o
 .debug_frame   0x00000000      0x14c ECUAL/LCD/char_lcd.o
 .text          0x00000000        0x0 ECUAL/LCD/gpio.o
 .data          0x00000000        0x0 ECUAL/LCD/gpio.o
 .bss           0x00000000        0x0 ECUAL/LCD/gpio.o
 .text.gpioPortDirection
                0x00000000       0x20 ECUAL/LCD/gpio.o
 .text.gpioPortWrite
                0x00000000       0x20 ECUAL/LCD/gpio.o
 .text.gpioPortRead
                0x00000000       0x24 ECUAL/LCD/gpio.o
 .text.gpioPortToggle
                0x00000000       0x40 ECUAL/LCD/gpio.o
 .text.gpioPinDirection
                0x00000000       0x56 ECUAL/LCD/gpio.o
 .text.gpioPinWrite
                0x00000000       0x56 ECUAL/LCD/gpio.o
 .text.gpioPinToggle
                0x00000000       0x30 ECUAL/LCD/gpio.o
 .text.gpioPinRead
                0x00000000       0x34 ECUAL/LCD/gpio.o
 .text.gpioUpperNibbleDirection
                0x00000000       0x3e ECUAL/LCD/gpio.o
 .text.gpioUpperNibbleWrite
                0x00000000       0x3e ECUAL/LCD/gpio.o
 .text.gpioUpperNibbleToggle
                0x00000000       0x38 ECUAL/LCD/gpio.o
 .text.gpioUpperNibbleRead
                0x00000000       0x2c ECUAL/LCD/gpio.o
 .text.gpioLowerNibbleDirection
                0x00000000       0x3e ECUAL/LCD/gpio.o
 .text.gpioLowerNibbleWrite
                0x00000000       0x3e ECUAL/LCD/gpio.o
 .text.gpioLowerNibbleToggle
                0x00000000       0x38 ECUAL/LCD/gpio.o
 .text.gpioLowerNibbleRead
                0x00000000       0x2c ECUAL/LCD/gpio.o
 .debug_info    0x00000000      0x493 ECUAL/LCD/gpio.o
 .debug_abbrev  0x00000000      0x154 ECUAL/LCD/gpio.o
 .debug_loc     0x00000000      0xb3f ECUAL/LCD/gpio.o
 .debug_aranges
                0x00000000       0x98 ECUAL/LCD/gpio.o
 .debug_ranges  0x00000000       0x88 ECUAL/LCD/gpio.o
 .debug_line    0x00000000      0x506 ECUAL/LCD/gpio.o
 .debug_str     0x00000000      0x2d5 ECUAL/LCD/gpio.o
 .comment       0x00000000       0x31 ECUAL/LCD/gpio.o
 .debug_frame   0x00000000      0x114 ECUAL/LCD/gpio.o
 .text          0x00000000        0x0 ECUAL/LCD/softwareDelay.o
 .data          0x00000000        0x0 ECUAL/LCD/softwareDelay.o
 .bss           0x00000000        0x0 ECUAL/LCD/softwareDelay.o
 .text.SwDelay_ms
                0x00000000       0x2c ECUAL/LCD/softwareDelay.o
 .text.SwDelay_us
                0x00000000       0x16 ECUAL/LCD/softwareDelay.o
 .debug_info    0x00000000       0xe9 ECUAL/LCD/softwareDelay.o
 .debug_abbrev  0x00000000       0x89 ECUAL/LCD/softwareDelay.o
 .debug_loc     0x00000000       0xed ECUAL/LCD/softwareDelay.o
 .debug_aranges
                0x00000000       0x28 ECUAL/LCD/softwareDelay.o
 .debug_ranges  0x00000000       0x18 ECUAL/LCD/softwareDelay.o
 .debug_line    0x00000000       0xa5 ECUAL/LCD/softwareDelay.o
 .debug_str     0x00000000      0x1c0 ECUAL/LCD/softwareDelay.o
 .comment       0x00000000       0x31 ECUAL/LCD/softwareDelay.o
 .debug_frame   0x00000000       0x34 ECUAL/LCD/softwareDelay.o
 .text          0x00000000        0x0 ECUAL/Motor/Motor.o
 .data          0x00000000        0x0 ECUAL/Motor/Motor.o
 .bss           0x00000000        0x0 ECUAL/Motor/Motor.o
 .text.Motor_Init
                0x00000000       0xa4 ECUAL/Motor/Motor.o
 .text.Motor_Direction
                0x00000000       0xe4 ECUAL/Motor/Motor.o
 .text.Motor_Start
                0x00000000       0x60 ECUAL/Motor/Motor.o
 .text.Motor_SpeedUpdate
                0x00000000       0x3a ECUAL/Motor/Motor.o
 .text.Motor_Stop
                0x00000000       0x10 ECUAL/Motor/Motor.o
 .text.Motor_GetStatus
                0x00000000        0x4 ECUAL/Motor/Motor.o
 .debug_info    0x00000000      0x675 ECUAL/Motor/Motor.o
 .debug_abbrev  0x00000000      0x12f ECUAL/Motor/Motor.o
 .debug_loc     0x00000000      0x398 ECUAL/Motor/Motor.o
 .debug_aranges
                0x00000000       0x48 ECUAL/Motor/Motor.o
 .debug_ranges  0x00000000       0x38 ECUAL/Motor/Motor.o
 .debug_line    0x00000000      0x2b5 ECUAL/Motor/Motor.o
 .debug_str     0x00000000      0x2de ECUAL/Motor/Motor.o
 .comment       0x00000000       0x31 ECUAL/Motor/Motor.o
 .debug_frame   0x00000000       0x9c ECUAL/Motor/Motor.o
 .text          0x00000000        0x0 ECUAL/SwDelay/SwDelay.o
 .data          0x00000000        0x0 ECUAL/SwDelay/SwDelay.o
 .bss           0x00000000        0x0 ECUAL/SwDelay/SwDelay.o
 .text.softwareDelayMs
                0x00000000       0x4e ECUAL/SwDelay/SwDelay.o
 .debug_info    0x00000000       0xb9 ECUAL/SwDelay/SwDelay.o
 .debug_abbrev  0x00000000       0x7f ECUAL/SwDelay/SwDelay.o
 .debug_loc     0x00000000       0x7c ECUAL/SwDelay/SwDelay.o
 .debug_aranges
                0x00000000       0x20 ECUAL/SwDelay/SwDelay.o
 .debug_ranges  0x00000000       0x10 ECUAL/SwDelay/SwDelay.o
 .debug_line    0x00000000       0x9e ECUAL/SwDelay/SwDelay.o
 .debug_str     0x00000000      0x1b0 ECUAL/SwDelay/SwDelay.o
 .comment       0x00000000       0x31 ECUAL/SwDelay/SwDelay.o
 .debug_frame   0x00000000       0x34 ECUAL/SwDelay/SwDelay.o
 .text          0x00000000        0x0 ECUAL/SwICU/SwICU.o
 .data          0x00000000        0x0 ECUAL/SwICU/SwICU.o
 .bss           0x00000000        0x0 ECUAL/SwICU/SwICU.o
 .text.Icu_Init
                0x00000000       0x20 ECUAL/SwICU/SwICU.o
 .text.Icu_ReadTime
                0x00000000       0x64 ECUAL/SwICU/SwICU.o
 .text          0x00000000        0x0 ECUAL/SwICU/SwICU_Cfg.o
 .data          0x00000000        0x0 ECUAL/SwICU/SwICU_Cfg.o
 .bss           0x00000000        0x0 ECUAL/SwICU/SwICU_Cfg.o
 .data.Icu_config
                0x00000000        0x2 ECUAL/SwICU/SwICU_Cfg.o
 .debug_info    0x00000000       0xa7 ECUAL/SwICU/SwICU_Cfg.o
 .debug_abbrev  0x00000000       0x62 ECUAL/SwICU/SwICU_Cfg.o
 .debug_aranges
                0x00000000       0x18 ECUAL/SwICU/SwICU_Cfg.o
 .debug_line    0x00000000       0x67 ECUAL/SwICU/SwICU_Cfg.o
 .debug_str     0x00000000      0x1be ECUAL/SwICU/SwICU_Cfg.o
 .comment       0x00000000       0x31 ECUAL/SwICU/SwICU_Cfg.o
 .text          0x00000000        0x0 ECUAL/Us/Us.o
 .data          0x00000000        0x0 ECUAL/Us/Us.o
 .bss           0x00000000        0x0 ECUAL/Us/Us.o
 .text.Us_Init  0x00000000       0x48 ECUAL/Us/Us.o
 .text.Us_Trigger
                0x00000000       0x24 ECUAL/Us/Us.o
 .text.Us_GetDistance
                0x00000000        0x4 ECUAL/Us/Us.o
 .debug_info    0x00000000      0x1fd ECUAL/Us/Us.o
 .debug_abbrev  0x00000000       0xfb ECUAL/Us/Us.o
 .debug_loc     0x00000000       0x6e ECUAL/Us/Us.o
 .debug_aranges
                0x00000000       0x30 ECUAL/Us/Us.o
 .debug_ranges  0x00000000       0x20 ECUAL/Us/Us.o
 .debug_line    0x00000000      0x104 ECUAL/Us/Us.o
 .debug_str     0x00000000      0x217 ECUAL/Us/Us.o
 .comment       0x00000000       0x31 ECUAL/Us/Us.o
 .debug_frame   0x00000000       0x54 ECUAL/Us/Us.o
 .text          0x00000000        0x0 main.o
 .data          0x00000000        0x0 main.o
 .bss           0x00000000        0x0 main.o
 .text          0x00000000        0x0 MCAL/DIO/DIO.o
 .data          0x00000000        0x0 MCAL/DIO/DIO.o
 .bss           0x00000000        0x0 MCAL/DIO/DIO.o
 .text.DIO_init
                0x00000000       0x9a MCAL/DIO/DIO.o
 .text.DIO_Write
                0x00000000       0x6e MCAL/DIO/DIO.o
 .text.DIO_Read
                0x00000000       0x4e MCAL/DIO/DIO.o
 .text.DIO_Toggle
                0x00000000       0x32 MCAL/DIO/DIO.o
 .debug_info    0x00000000      0x1e1 MCAL/DIO/DIO.o
 .debug_abbrev  0x00000000       0xd1 MCAL/DIO/DIO.o
 .debug_loc     0x00000000      0x40d MCAL/DIO/DIO.o
 .debug_aranges
                0x00000000       0x38 MCAL/DIO/DIO.o
 .debug_ranges  0x00000000       0x28 MCAL/DIO/DIO.o
 .debug_line    0x00000000      0x24c MCAL/DIO/DIO.o
 .debug_str     0x00000000      0x1e7 MCAL/DIO/DIO.o
 .comment       0x00000000       0x31 MCAL/DIO/DIO.o
 .debug_frame   0x00000000       0x54 MCAL/DIO/DIO.o
 .text          0x00000000        0x0 MCAL/PWM/PWM.o
 .data          0x00000000        0x0 MCAL/PWM/PWM.o
 .bss           0x00000000        0x0 MCAL/PWM/PWM.o
 .text.Pwm_Init
                0x00000000       0x34 MCAL/PWM/PWM.o
 .text.Pwm_Start
                0x00000000       0x72 MCAL/PWM/PWM.o
 .text.Pwm_Update
                0x00000000       0x68 MCAL/PWM/PWM.o
 .text.Pwm_Stop
                0x00000000        0xc MCAL/PWM/PWM.o
 .bss.gu8_t1Prescaler
                0x00000000        0x1 MCAL/PWM/PWM.o
 .debug_info    0x00000000      0x251 MCAL/PWM/PWM.o
 .debug_abbrev  0x00000000       0xd3 MCAL/PWM/PWM.o
 .debug_loc     0x00000000      0x2d2 MCAL/PWM/PWM.o
 .debug_aranges
                0x00000000       0x38 MCAL/PWM/PWM.o
 .debug_ranges  0x00000000       0x28 MCAL/PWM/PWM.o
 .debug_line    0x00000000      0x14f MCAL/PWM/PWM.o
 .debug_str     0x00000000      0x263 MCAL/PWM/PWM.o
 .comment       0x00000000       0x31 MCAL/PWM/PWM.o
 .debug_frame   0x00000000       0x94 MCAL/PWM/PWM.o
 .text          0x00000000        0x0 MCAL/PWM/PWM_Cfg.o
 .data          0x00000000        0x0 MCAL/PWM/PWM_Cfg.o
 .bss           0x00000000        0x0 MCAL/PWM/PWM_Cfg.o
 .data.gstrPwmConfig
                0x00000000        0x2 MCAL/PWM/PWM_Cfg.o
 .debug_info    0x00000000       0xa7 MCAL/PWM/PWM_Cfg.o
 .debug_abbrev  0x00000000       0x62 MCAL/PWM/PWM_Cfg.o
 .debug_aranges
                0x00000000       0x18 MCAL/PWM/PWM_Cfg.o
 .debug_line    0x00000000       0x5d MCAL/PWM/PWM_Cfg.o
 .debug_str     0x00000000      0x1ad MCAL/PWM/PWM_Cfg.o
 .comment       0x00000000       0x31 MCAL/PWM/PWM_Cfg.o
 .text          0x00000000        0x0 MCAL/SPI/SPI.o
 .data          0x00000000        0x0 MCAL/SPI/SPI.o
 .bss           0x00000000        0x0 MCAL/SPI/SPI.o
 .text.SPI_Init
                0x00000000       0x32 MCAL/SPI/SPI.o
 .text.SPI_WriteByte
                0x00000000       0x12 MCAL/SPI/SPI.o
 .text.SPI_ReadByte
                0x00000000       0x12 MCAL/SPI/SPI.o
 .text          0x00000000        0x0 MCAL/SPI/SPI_Cfg.o
 .data          0x00000000        0x0 MCAL/SPI/SPI_Cfg.o
 .bss           0x00000000        0x0 MCAL/SPI/SPI_Cfg.o
 .data.gstr_SlaveCfg
                0x00000000        0x7 MCAL/SPI/SPI_Cfg.o
 .data.gstr_MasterCfg
                0x00000000        0x7 MCAL/SPI/SPI_Cfg.o
 .debug_info    0x00000000       0xff MCAL/SPI/SPI_Cfg.o
 .debug_abbrev  0x00000000       0x62 MCAL/SPI/SPI_Cfg.o
 .debug_aranges
                0x00000000       0x18 MCAL/SPI/SPI_Cfg.o
 .debug_line    0x00000000       0x5d MCAL/SPI/SPI_Cfg.o
 .debug_str     0x00000000      0x202 MCAL/SPI/SPI_Cfg.o
 .comment       0x00000000       0x31 MCAL/SPI/SPI_Cfg.o
 .text          0x00000000        0x0 MCAL/Timer/Timer.o
 .data          0x00000000        0x0 MCAL/Timer/Timer.o
 .bss           0x00000000        0x0 MCAL/Timer/Timer.o
 .text.Timer_Init
                0x00000000       0x66 MCAL/Timer/Timer.o
 .text.Timer_GetStatus
                0x00000000        0xa MCAL/Timer/Timer.o
 .text          0x00000000        0x0 MCAL/Timer/Timer_Cfg.o
 .data          0x00000000        0x0 MCAL/Timer/Timer_Cfg.o
 .bss           0x00000000        0x0 MCAL/Timer/Timer_Cfg.o
 .data.gstrTimer2TmuConfig
                0x00000000        0xa MCAL/Timer/Timer_Cfg.o
 .data.gstrTimer1TmuConfig
                0x00000000        0xa MCAL/Timer/Timer_Cfg.o
 .data.gstrTimer0TmuConfig
                0x00000000        0xa MCAL/Timer/Timer_Cfg.o
 .data.gstrTimerConfig
                0x00000000        0xa MCAL/Timer/Timer_Cfg.o
 .debug_info    0x00000000      0x107 MCAL/Timer/Timer_Cfg.o
 .debug_abbrev  0x00000000       0x62 MCAL/Timer/Timer_Cfg.o
 .debug_aranges
                0x00000000       0x18 MCAL/Timer/Timer_Cfg.o
 .debug_line    0x00000000       0x65 MCAL/Timer/Timer_Cfg.o
 .debug_str     0x00000000      0x22d MCAL/Timer/Timer_Cfg.o
 .comment       0x00000000       0x31 MCAL/Timer/Timer_Cfg.o
 .text          0x00000000        0x0 MCAL/USART/usart.o
 .data          0x00000000        0x0 MCAL/USART/usart.o
 .bss           0x00000000        0x0 MCAL/USART/usart.o
 .text.ResetUDR
                0x00000000       0x10 MCAL/USART/usart.o
 .text          0x00000000        0x0 MCAL/USART/usart_Cfg.o
 .data          0x00000000        0x0 MCAL/USART/usart_Cfg.o
 .bss           0x00000000        0x0 MCAL/USART/usart_Cfg.o
 .text          0x00000000        0x0 SL/TMU/TMU.o
 .data          0x00000000        0x0 SL/TMU/TMU.o
 .bss           0x00000000        0x0 SL/TMU/TMU.o
 .text.TMU_Init
                0x00000000      0x12c SL/TMU/TMU.o
 .text.TMU_Dispatch
                0x00000000       0xf0 SL/TMU/TMU.o
 .text.TMU_Start_Timer
                0x00000000       0x5a SL/TMU/TMU.o
 .text.TMU_Stop_Timer
                0x00000000       0x76 SL/TMU/TMU.o
 .data.gindex   0x00000000        0x2 SL/TMU/TMU.o
 .bss.garrTaskTMUBuffer
                0x00000000       0x32 SL/TMU/TMU.o
 .text          0x00000000        0x0 SL/TMU/TMU_PB_Cfg.o
 .data          0x00000000        0x0 SL/TMU/TMU_PB_Cfg.o
 .bss           0x00000000        0x0 SL/TMU/TMU_PB_Cfg.o
 .rodata.gstrTMUConfig
                0x00000000        0x3 SL/TMU/TMU_PB_Cfg.o
 .debug_info    0x00000000       0xb7 SL/TMU/TMU_PB_Cfg.o
 .debug_abbrev  0x00000000       0x69 SL/TMU/TMU_PB_Cfg.o
 .debug_aranges
                0x00000000       0x18 SL/TMU/TMU_PB_Cfg.o
 .debug_line    0x00000000       0x5c SL/TMU/TMU_PB_Cfg.o
 .debug_str     0x00000000      0x1ca SL/TMU/TMU_PB_Cfg.o
 .comment       0x00000000       0x31 SL/TMU/TMU_PB_Cfg.o
 .text          0x00000000        0x0 Test/Test.o
 .data          0x00000000        0x0 Test/Test.o
 .bss           0x00000000        0x0 Test/Test.o
 .text.taskA    0x00000000        0xe Test/Test.o
 .text.taskB    0x00000000        0xe Test/Test.o
 .text.taskC    0x00000000        0xe Test/Test.o
 .text.taskD    0x00000000        0xc Test/Test.o
 .text.masterSpi
                0x00000000       0x26 Test/Test.o
 .text.slaveSpi
                0x00000000       0x22 Test/Test.o
 .text.TmuTest  0x00000000       0x50 Test/Test.o
 .text.TimerTest
                0x00000000        0x2 Test/Test.o
 .text.DioTest  0x00000000       0x4e Test/Test.o
 .text.HwPwmTest
                0x00000000       0x68 Test/Test.o
 .text.MotorTest
                0x00000000      0x102 Test/Test.o
 .rodata.str1.1
                0x00000000        0xc Test/Test.o
 .text.IcuTest  0x00000000       0xb6 Test/Test.o
 .text.UsTest   0x00000000        0xa Test/Test.o
 .text.IcuWithUsTest
                0x00000000       0xe8 Test/Test.o
 .text          0x00000000        0x0 c:/program files (x86)/atmel/studio/7.0/toolchain/avr8/avr8-gnu-toolchain/bin/../lib/gcc/avr/5.4.0/../../../../avr/lib/avr5\libm.a(fixunssfsi.o)
 .data          0x00000000        0x0 c:/program files (x86)/atmel/studio/7.0/toolchain/avr8/avr8-gnu-toolchain/bin/../lib/gcc/avr/5.4.0/../../../../avr/lib/avr5\libm.a(fixunssfsi.o)
 .bss           0x00000000        0x0 c:/program files (x86)/atmel/studio/7.0/toolchain/avr8/avr8-gnu-toolchain/bin/../lib/gcc/avr/5.4.0/../../../../avr/lib/avr5\libm.a(fixunssfsi.o)
 .text.avr-libc.fplib
                0x00000000       0x5e c:/program files (x86)/atmel/studio/7.0/toolchain/avr8/avr8-gnu-toolchain/bin/../lib/gcc/avr/5.4.0/../../../../avr/lib/avr5\libm.a(fixunssfsi.o)
 .text          0x00000000        0x0 c:/program files (x86)/atmel/studio/7.0/toolchain/avr8/avr8-gnu-toolchain/bin/../lib/gcc/avr/5.4.0/../../../../avr/lib/avr5\libm.a(floatsisf.o)
 .data          0x00000000        0x0 c:/program files (x86)/atmel/studio/7.0/toolchain/avr8/avr8-gnu-toolchain/bin/../lib/gcc/avr/5.4.0/../../../../avr/lib/avr5\libm.a(floatsisf.o)
 .bss           0x00000000        0x0 c:/program files (x86)/atmel/studio/7.0/toolchain/avr8/avr8-gnu-toolchain/bin/../lib/gcc/avr/5.4.0/../../../../avr/lib/avr5\libm.a(floatsisf.o)
 .text.avr-libc.fplib
                0x00000000       0x7a c:/program files (x86)/atmel/studio/7.0/toolchain/avr8/avr8-gnu-toolchain/bin/../lib/gcc/avr/5.4.0/../../../../avr/lib/avr5\libm.a(floatsisf.o)
 .text          0x00000000        0x0 c:/program files (x86)/atmel/studio/7.0/toolchain/avr8/avr8-gnu-toolchain/bin/../lib/gcc/avr/5.4.0/../../../../avr/lib/avr5\libm.a(fp_split3.o)
 .data          0x00000000        0x0 c:/program files (x86)/atmel/studio/7.0/toolchain/avr8/avr8-gnu-toolchain/bin/../lib/gcc/avr/5.4.0/../../../../avr/lib/avr5\libm.a(fp_split3.o)
 .bss           0x00000000        0x0 c:/program files (x86)/atmel/studio/7.0/toolchain/avr8/avr8-gnu-toolchain/bin/../lib/gcc/avr/5.4.0/../../../../avr/lib/avr5\libm.a(fp_split3.o)
 .text.avr-libc.fplib
                0x00000000       0x44 c:/program files (x86)/atmel/studio/7.0/toolchain/avr8/avr8-gnu-toolchain/bin/../lib/gcc/avr/5.4.0/../../../../avr/lib/avr5\libm.a(fp_split3.o)
 .text          0x00000000        0x0 c:/program files (x86)/atmel/studio/7.0/toolchain/avr8/avr8-gnu-toolchain/bin/../lib/gcc/avr/5.4.0/../../../../avr/lib/avr5\libm.a(fp_zero.o)
 .data          0x00000000        0x0 c:/program files (x86)/atmel/studio/7.0/toolchain/avr8/avr8-gnu-toolchain/bin/../lib/gcc/avr/5.4.0/../../../../avr/lib/avr5\libm.a(fp_zero.o)
 .bss           0x00000000        0x0 c:/program files (x86)/atmel/studio/7.0/toolchain/avr8/avr8-gnu-toolchain/bin/../lib/gcc/avr/5.4.0/../../../../avr/lib/avr5\libm.a(fp_zero.o)
 .text.avr-libc.fplib
                0x00000000        0xe c:/program files (x86)/atmel/studio/7.0/toolchain/avr8/avr8-gnu-toolchain/bin/../lib/gcc/avr/5.4.0/../../../../avr/lib/avr5\libm.a(fp_zero.o)
 .text          0x00000000        0x0 c:/program files (x86)/atmel/studio/7.0/toolchain/avr8/avr8-gnu-toolchain/bin/../lib/gcc/avr/5.4.0/../../../../avr/lib/avr5\libm.a(mulsf3.o)
 .data          0x00000000        0x0 c:/program files (x86)/atmel/studio/7.0/toolchain/avr8/avr8-gnu-toolchain/bin/../lib/gcc/avr/5.4.0/../../../../avr/lib/avr5\libm.a(mulsf3.o)
 .bss           0x00000000        0x0 c:/program files (x86)/atmel/studio/7.0/toolchain/avr8/avr8-gnu-toolchain/bin/../lib/gcc/avr/5.4.0/../../../../avr/lib/avr5\libm.a(mulsf3.o)
 .text.avr-libc.fplib
                0x00000000        0x8 c:/program files (x86)/atmel/studio/7.0/toolchain/avr8/avr8-gnu-toolchain/bin/../lib/gcc/avr/5.4.0/../../../../avr/lib/avr5\libm.a(mulsf3.o)
 .text          0x00000000        0x0 c:/program files (x86)/atmel/studio/7.0/toolchain/avr8/avr8-gnu-toolchain/bin/../lib/gcc/avr/5.4.0/../../../../avr/lib/avr5\libm.a(mulsf3x.o)
 .data          0x00000000        0x0 c:/program files (x86)/atmel/studio/7.0/toolchain/avr8/avr8-gnu-toolchain/bin/../lib/gcc/avr/5.4.0/../../../../avr/lib/avr5\libm.a(mulsf3x.o)
 .bss           0x00000000        0x0 c:/program files (x86)/atmel/studio/7.0/toolchain/avr8/avr8-gnu-toolchain/bin/../lib/gcc/avr/5.4.0/../../../../avr/lib/avr5\libm.a(mulsf3x.o)
 .text.avr-libc.fplib
                0x00000000       0xd2 c:/program files (x86)/atmel/studio/7.0/toolchain/avr8/avr8-gnu-toolchain/bin/../lib/gcc/avr/5.4.0/../../../../avr/lib/avr5\libm.a(mulsf3x.o)
 .text          0x00000000        0x0 c:/program files (x86)/atmel/studio/7.0/toolchain/avr8/avr8-gnu-toolchain/bin/../lib/gcc/avr/5.4.0/../../../../avr/lib/avr5\libm.a(fp_inf.o)
 .data          0x00000000        0x0 c:/program files (x86)/atmel/studio/7.0/toolchain/avr8/avr8-gnu-toolchain/bin/../lib/gcc/avr/5.4.0/../../../../avr/lib/avr5\libm.a(fp_inf.o)
 .bss           0x00000000        0x0 c:/program files (x86)/atmel/studio/7.0/toolchain/avr8/avr8-gnu-toolchain/bin/../lib/gcc/avr/5.4.0/../../../../avr/lib/avr5\libm.a(fp_inf.o)
 .text.avr-libc.fplib
                0x00000000        0xc c:/program files (x86)/atmel/studio/7.0/toolchain/avr8/avr8-gnu-toolchain/bin/../lib/gcc/avr/5.4.0/../../../../avr/lib/avr5\libm.a(fp_inf.o)
 .text          0x00000000        0x0 c:/program files (x86)/atmel/studio/7.0/toolchain/avr8/avr8-gnu-toolchain/bin/../lib/gcc/avr/5.4.0/../../../../avr/lib/avr5\libm.a(fp_nan.o)
 .data          0x00000000        0x0 c:/program files (x86)/atmel/studio/7.0/toolchain/avr8/avr8-gnu-toolchain/bin/../lib/gcc/avr/5.4.0/../../../../avr/lib/avr5\libm.a(fp_nan.o)
 .bss           0x00000000        0x0 c:/program files (x86)/atmel/studio/7.0/toolchain/avr8/avr8-gnu-toolchain/bin/../lib/gcc/avr/5.4.0/../../../../avr/lib/avr5\libm.a(fp_nan.o)
 .text.avr-libc.fplib
                0x00000000        0x6 c:/program files (x86)/atmel/studio/7.0/toolchain/avr8/avr8-gnu-toolchain/bin/../lib/gcc/avr/5.4.0/../../../../avr/lib/avr5\libm.a(fp_nan.o)
 .text          0x00000000        0x0 c:/program files (x86)/atmel/studio/7.0/toolchain/avr8/avr8-gnu-toolchain/bin/../lib/gcc/avr/5.4.0/../../../../avr/lib/avr5\libm.a(fp_pscA.o)
 .data          0x00000000        0x0 c:/program files (x86)/atmel/studio/7.0/toolchain/avr8/avr8-gnu-toolchain/bin/../lib/gcc/avr/5.4.0/../../../../avr/lib/avr5\libm.a(fp_pscA.o)
 .bss           0x00000000        0x0 c:/program files (x86)/atmel/studio/7.0/toolchain/avr8/avr8-gnu-toolchain/bin/../lib/gcc/avr/5.4.0/../../../../avr/lib/avr5\libm.a(fp_pscA.o)
 .text.avr-libc.fplib
                0x00000000        0xe c:/program files (x86)/atmel/studio/7.0/toolchain/avr8/avr8-gnu-toolchain/bin/../lib/gcc/avr/5.4.0/../../../../avr/lib/avr5\libm.a(fp_pscA.o)
 .text          0x00000000        0x0 c:/program files (x86)/atmel/studio/7.0/toolchain/avr8/avr8-gnu-toolchain/bin/../lib/gcc/avr/5.4.0/../../../../avr/lib/avr5\libm.a(fp_pscB.o)
 .data          0x00000000        0x0 c:/program files (x86)/atmel/studio/7.0/toolchain/avr8/avr8-gnu-toolchain/bin/../lib/gcc/avr/5.4.0/../../../../avr/lib/avr5\libm.a(fp_pscB.o)
 .bss           0x00000000        0x0 c:/program files (x86)/atmel/studio/7.0/toolchain/avr8/avr8-gnu-toolchain/bin/../lib/gcc/avr/5.4.0/../../../../avr/lib/avr5\libm.a(fp_pscB.o)
 .text.avr-libc.fplib
                0x00000000        0xe c:/program files (x86)/atmel/studio/7.0/toolchain/avr8/avr8-gnu-toolchain/bin/../lib/gcc/avr/5.4.0/../../../../avr/lib/avr5\libm.a(fp_pscB.o)
 .text          0x00000000        0x0 c:/program files (x86)/atmel/studio/7.0/toolchain/avr8/avr8-gnu-toolchain/bin/../lib/gcc/avr/5.4.0/../../../../avr/lib/avr5\libm.a(fp_round.o)
 .data          0x00000000        0x0 c:/program files (x86)/atmel/studio/7.0/toolchain/avr8/avr8-gnu-toolchain/bin/../lib/gcc/avr/5.4.0/../../../../avr/lib/avr5\libm.a(fp_round.o)
 .bss           0x00000000        0x0 c:/program files (x86)/atmel/studio/7.0/toolchain/avr8/avr8-gnu-toolchain/bin/../lib/gcc/avr/5.4.0/../../../../avr/lib/avr5\libm.a(fp_round.o)
 .text.avr-libc.fplib
                0x00000000       0x22 c:/program files (x86)/atmel/studio/7.0/toolchain/avr8/avr8-gnu-toolchain/bin/../lib/gcc/avr/5.4.0/../../../../avr/lib/avr5\libm.a(fp_round.o)
 .text          0x00000000        0x0 c:/program files (x86)/atmel/studio/7.0/toolchain/avr8/avr8-gnu-toolchain/bin/../lib/gcc/avr/5.4.0/avr5\libgcc.a(_udivmodsi4.o)
 .data          0x00000000        0x0 c:/program files (x86)/atmel/studio/7.0/toolchain/avr8/avr8-gnu-toolchain/bin/../lib/gcc/avr/5.4.0/avr5\libgcc.a(_udivmodsi4.o)
 .bss           0x00000000        0x0 c:/program files (x86)/atmel/studio/7.0/toolchain/avr8/avr8-gnu-toolchain/bin/../lib/gcc/avr/5.4.0/avr5\libgcc.a(_udivmodsi4.o)
 .text.libgcc.mul
                0x00000000        0x0 c:/program files (x86)/atmel/studio/7.0/toolchain/avr8/avr8-gnu-toolchain/bin/../lib/gcc/avr/5.4.0/avr5\libgcc.a(_udivmodsi4.o)
 .text.libgcc.div
                0x00000000       0x44 c:/program files (x86)/atmel/studio/7.0/toolchain/avr8/avr8-gnu-toolchain/bin/../lib/gcc/avr/5.4.0/avr5\libgcc.a(_udivmodsi4.o)
 .text.libgcc   0x00000000        0x0 c:/program files (x86)/atmel/studio/7.0/toolchain/avr8/avr8-gnu-toolchain/bin/../lib/gcc/avr/5.4.0/avr5\libgcc.a(_udivmodsi4.o)
 .text.libgcc.prologue
                0x00000000        0x0 c:/program files (x86)/atmel/studio/7.0/toolchain/avr8/avr8-gnu-toolchain/bin/../lib/gcc/avr/5.4.0/avr5\libgcc.a(_udivmodsi4.o)
 .text.libgcc.builtins
                0x00000000        0x0 c:/program files (x86)/atmel/studio/7.0/toolchain/avr8/avr8-gnu-toolchain/bin/../lib/gcc/avr/5.4.0/avr5\libgcc.a(_udivmodsi4.o)
 .text.libgcc.fmul
                0x00000000        0x0 c:/program files (x86)/atmel/studio/7.0/toolchain/avr8/avr8-gnu-toolchain/bin/../lib/gcc/avr/5.4.0/avr5\libgcc.a(_udivmodsi4.o)
 .text.libgcc.fixed
                0x00000000        0x0 c:/program files (x86)/atmel/studio/7.0/toolchain/avr8/avr8-gnu-toolchain/bin/../lib/gcc/avr/5.4.0/avr5\libgcc.a(_udivmodsi4.o)
 .text          0x00000000        0x0 c:/program files (x86)/atmel/studio/7.0/toolchain/avr8/avr8-gnu-toolchain/bin/../lib/gcc/avr/5.4.0/avr5\libgcc.a(_exit.o)
 .data          0x00000000        0x0 c:/program files (x86)/atmel/studio/7.0/toolchain/avr8/avr8-gnu-toolchain/bin/../lib/gcc/avr/5.4.0/avr5\libgcc.a(_exit.o)
 .bss           0x00000000        0x0 c:/program files (x86)/atmel/studio/7.0/toolchain/avr8/avr8-gnu-toolchain/bin/../lib/gcc/avr/5.4.0/avr5\libgcc.a(_exit.o)
 .text.libgcc.mul
                0x00000000        0x0 c:/program files (x86)/atmel/studio/7.0/toolchain/avr8/avr8-gnu-toolchain/bin/../lib/gcc/avr/5.4.0/avr5\libgcc.a(_exit.o)
 .text.libgcc.div
                0x00000000        0x0 c:/program files (x86)/atmel/studio/7.0/toolchain/avr8/avr8-gnu-toolchain/bin/../lib/gcc/avr/5.4.0/avr5\libgcc.a(_exit.o)
 .text.libgcc   0x00000000        0x0 c:/program files (x86)/atmel/studio/7.0/toolchain/avr8/avr8-gnu-toolchain/bin/../lib/gcc/avr/5.4.0/avr5\libgcc.a(_exit.o)
 .text.libgcc.prologue
                0x00000000        0x0 c:/program files (x86)/atmel/studio/7.0/toolchain/avr8/avr8-gnu-toolchain/bin/../lib/gcc/avr/5.4.0/avr5\libgcc.a(_exit.o)
 .text.libgcc.builtins
                0x00000000        0x0 c:/program files (x86)/atmel/studio/7.0/toolchain/avr8/avr8-gnu-toolchain/bin/../lib/gcc/avr/5.4.0/avr5\libgcc.a(_exit.o)
 .text.libgcc.fmul
                0x00000000        0x0 c:/program files (x86)/atmel/studio/7.0/toolchain/avr8/avr8-gnu-toolchain/bin/../lib/gcc/avr/5.4.0/avr5\libgcc.a(_exit.o)
 .text.libgcc.fixed
                0x00000000        0x0 c:/program files (x86)/atmel/studio/7.0/toolchain/avr8/avr8-gnu-toolchain/bin/../lib/gcc/avr/5.4.0/avr5\libgcc.a(_exit.o)
 .text          0x00000000        0x0 c:/program files (x86)/atmel/studio/7.0/toolchain/avr8/avr8-gnu-toolchain/bin/../lib/gcc/avr/5.4.0/avr5\libgcc.a(_copy_data.o)
 .data          0x00000000        0x0 c:/program files (x86)/atmel/studio/7.0/toolchain/avr8/avr8-gnu-toolchain/bin/../lib/gcc/avr/5.4.0/avr5\libgcc.a(_copy_data.o)
 .bss           0x00000000        0x0 c:/program files (x86)/atmel/studio/7.0/toolchain/avr8/avr8-gnu-toolchain/bin/../lib/gcc/avr/5.4.0/avr5\libgcc.a(_copy_data.o)
 .text.libgcc.mul
                0x00000000        0x0 c:/program files (x86)/atmel/studio/7.0/toolchain/avr8/avr8-gnu-toolchain/bin/../lib/gcc/avr/5.4.0/avr5\libgcc.a(_copy_data.o)
 .text.libgcc.div
                0x00000000        0x0 c:/program files (x86)/atmel/studio/7.0/toolchain/avr8/avr8-gnu-toolchain/bin/../lib/gcc/avr/5.4.0/avr5\libgcc.a(_copy_data.o)
 .text.libgcc   0x00000000        0x0 c:/program files (x86)/atmel/studio/7.0/toolchain/avr8/avr8-gnu-toolchain/bin/../lib/gcc/avr/5.4.0/avr5\libgcc.a(_copy_data.o)
 .text.libgcc.prologue
                0x00000000        0x0 c:/program files (x86)/atmel/studio/7.0/toolchain/avr8/avr8-gnu-toolchain/bin/../lib/gcc/avr/5.4.0/avr5\libgcc.a(_copy_data.o)
 .text.libgcc.builtins
                0x00000000        0x0 c:/program files (x86)/atmel/studio/7.0/toolchain/avr8/avr8-gnu-toolchain/bin/../lib/gcc/avr/5.4.0/avr5\libgcc.a(_copy_data.o)
 .text.libgcc.fmul
                0x00000000        0x0 c:/program files (x86)/atmel/studio/7.0/toolchain/avr8/avr8-gnu-toolchain/bin/../lib/gcc/avr/5.4.0/avr5\libgcc.a(_copy_data.o)
 .text.libgcc.fixed
                0x00000000        0x0 c:/program files (x86)/atmel/studio/7.0/toolchain/avr8/avr8-gnu-toolchain/bin/../lib/gcc/avr/5.4.0/avr5\libgcc.a(_copy_data.o)
 .text          0x00000000        0x0 c:/program files (x86)/atmel/studio/7.0/toolchain/avr8/avr8-gnu-toolchain/bin/../lib/gcc/avr/5.4.0/avr5\libgcc.a(_clear_bss.o)
 .data          0x00000000        0x0 c:/program files (x86)/atmel/studio/7.0/toolchain/avr8/avr8-gnu-toolchain/bin/../lib/gcc/avr/5.4.0/avr5\libgcc.a(_clear_bss.o)
 .bss           0x00000000        0x0 c:/program files (x86)/atmel/studio/7.0/toolchain/avr8/avr8-gnu-toolchain/bin/../lib/gcc/avr/5.4.0/avr5\libgcc.a(_clear_bss.o)
 .text.libgcc.mul
                0x00000000        0x0 c:/program files (x86)/atmel/studio/7.0/toolchain/avr8/avr8-gnu-toolchain/bin/../lib/gcc/avr/5.4.0/avr5\libgcc.a(_clear_bss.o)
 .text.libgcc.div
                0x00000000        0x0 c:/program files (x86)/atmel/studio/7.0/toolchain/avr8/avr8-gnu-toolchain/bin/../lib/gcc/avr/5.4.0/avr5\libgcc.a(_clear_bss.o)
 .text.libgcc   0x00000000        0x0 c:/program files (x86)/atmel/studio/7.0/toolchain/avr8/avr8-gnu-toolchain/bin/../lib/gcc/avr/5.4.0/avr5\libgcc.a(_clear_bss.o)
 .text.libgcc.prologue
                0x00000000        0x0 c:/program files (x86)/atmel/studio/7.0/toolchain/avr8/avr8-gnu-toolchain/bin/../lib/gcc/avr/5.4.0/avr5\libgcc.a(_clear_bss.o)
 .text.libgcc.builtins
                0x00000000        0x0 c:/program files (x86)/atmel/studio/7.0/toolchain/avr8/avr8-gnu-toolchain/bin/../lib/gcc/avr/5.4.0/avr5\libgcc.a(_clear_bss.o)
 .text.libgcc.fmul
                0x00000000        0x0 c:/program files (x86)/atmel/studio/7.0/toolchain/avr8/avr8-gnu-toolchain/bin/../lib/gcc/avr/5.4.0/avr5\libgcc.a(_clear_bss.o)
 .text.libgcc.fixed
                0x00000000        0x0 c:/program files (x86)/atmel/studio/7.0/toolchain/avr8/avr8-gnu-toolchain/bin/../lib/gcc/avr/5.4.0/avr5\libgcc.a(_clear_bss.o)
 .text          0x00000000        0x0 c:/program files (x86)/atmel/studio/7.0/toolchain/avr8/avr8-gnu-toolchain/bin/../lib/gcc/avr/5.4.0/avr5\libgcc.a(_muluhisi3.o)
 .data          0x00000000        0x0 c:/program files (x86)/atmel/studio/7.0/toolchain/avr8/avr8-gnu-toolchain/bin/../lib/gcc/avr/5.4.0/avr5\libgcc.a(_muluhisi3.o)
 .bss           0x00000000        0x0 c:/program files (x86)/atmel/studio/7.0/toolchain/avr8/avr8-gnu-toolchain/bin/../lib/gcc/avr/5.4.0/avr5\libgcc.a(_muluhisi3.o)
 .text.libgcc.mul
                0x00000000       0x16 c:/program files (x86)/atmel/studio/7.0/toolchain/avr8/avr8-gnu-toolchain/bin/../lib/gcc/avr/5.4.0/avr5\libgcc.a(_muluhisi3.o)
 .text.libgcc.div
                0x00000000        0x0 c:/program files (x86)/atmel/studio/7.0/toolchain/avr8/avr8-gnu-toolchain/bin/../lib/gcc/avr/5.4.0/avr5\libgcc.a(_muluhisi3.o)
 .text.libgcc   0x00000000        0x0 c:/program files (x86)/atmel/studio/7.0/toolchain/avr8/avr8-gnu-toolchain/bin/../lib/gcc/avr/5.4.0/avr5\libgcc.a(_muluhisi3.o)
 .text.libgcc.prologue
                0x00000000        0x0 c:/program files (x86)/atmel/studio/7.0/toolchain/avr8/avr8-gnu-toolchain/bin/../lib/gcc/avr/5.4.0/avr5\libgcc.a(_muluhisi3.o)
 .text.libgcc.builtins
                0x00000000        0x0 c:/program files (x86)/atmel/studio/7.0/toolchain/avr8/avr8-gnu-toolchain/bin/../lib/gcc/avr/5.4.0/avr5\libgcc.a(_muluhisi3.o)
 .text.libgcc.fmul
                0x00000000        0x0 c:/program files (x86)/atmel/studio/7.0/toolchain/avr8/avr8-gnu-toolchain/bin/../lib/gcc/avr/5.4.0/avr5\libgcc.a(_muluhisi3.o)
 .text.libgcc.fixed
                0x00000000        0x0 c:/program files (x86)/atmel/studio/7.0/toolchain/avr8/avr8-gnu-toolchain/bin/../lib/gcc/avr/5.4.0/avr5\libgcc.a(_muluhisi3.o)
 .text          0x00000000        0x0 c:/program files (x86)/atmel/studio/7.0/toolchain/avr8/avr8-gnu-toolchain/bin/../lib/gcc/avr/5.4.0/avr5\libgcc.a(_umulhisi3.o)
 .data          0x00000000        0x0 c:/program files (x86)/atmel/studio/7.0/toolchain/avr8/avr8-gnu-toolchain/bin/../lib/gcc/avr/5.4.0/avr5\libgcc.a(_umulhisi3.o)
 .bss           0x00000000        0x0 c:/program files (x86)/atmel/studio/7.0/toolchain/avr8/avr8-gnu-toolchain/bin/../lib/gcc/avr/5.4.0/avr5\libgcc.a(_umulhisi3.o)
 .text.libgcc.mul
                0x00000000       0x1e c:/program files (x86)/atmel/studio/7.0/toolchain/avr8/avr8-gnu-toolchain/bin/../lib/gcc/avr/5.4.0/avr5\libgcc.a(_umulhisi3.o)
 .text.libgcc.div
                0x00000000        0x0 c:/program files (x86)/atmel/studio/7.0/toolchain/avr8/avr8-gnu-toolchain/bin/../lib/gcc/avr/5.4.0/avr5\libgcc.a(_umulhisi3.o)
 .text.libgcc   0x00000000        0x0 c:/program files (x86)/atmel/studio/7.0/toolchain/avr8/avr8-gnu-toolchain/bin/../lib/gcc/avr/5.4.0/avr5\libgcc.a(_umulhisi3.o)
 .text.libgcc.prologue
                0x00000000        0x0 c:/program files (x86)/atmel/studio/7.0/toolchain/avr8/avr8-gnu-toolchain/bin/../lib/gcc/avr/5.4.0/avr5\libgcc.a(_umulhisi3.o)
 .text.libgcc.builtins
                0x00000000        0x0 c:/program files (x86)/atmel/studio/7.0/toolchain/avr8/avr8-gnu-toolchain/bin/../lib/gcc/avr/5.4.0/avr5\libgcc.a(_umulhisi3.o)
 .text.libgcc.fmul
                0x00000000        0x0 c:/program files (x86)/atmel/studio/7.0/toolchain/avr8/avr8-gnu-toolchain/bin/../lib/gcc/avr/5.4.0/avr5\libgcc.a(_umulhisi3.o)
 .text.libgcc.fixed
                0x00000000        0x0 c:/program files (x86)/atmel/studio/7.0/toolchain/avr8/avr8-gnu-toolchain/bin/../lib/gcc/avr/5.4.0/avr5\libgcc.a(_umulhisi3.o)

Memory Configuration

Name             Origin             Length             Attributes
text             0x00000000         0x00020000         xr
data             0x00800060         0x0000ffa0         rw !x
eeprom           0x00810000         0x00010000         rw !x
fuse             0x00820000         0x00000002         rw !x
lock             0x00830000         0x00000400         rw !x
signature        0x00840000         0x00000400         rw !x
user_signatures  0x00850000         0x00000400         rw !x
*default*        0x00000000         0xffffffff

Linker script and memory map

LOAD C:/Program Files (x86)/Atmel/Studio/7.0/Packs/atmel/ATmega_DFP/1.3.300/gcc/dev/atmega32/avr5/crtatmega32.o
LOAD APP/CarSM/CarSM.o
LOAD APP/Steering/Steering.o
LOAD ECUAL/LCD/char_lcd.o
LOAD ECUAL/LCD/gpio.o
LOAD ECUAL/LCD/softwareDelay.o
LOAD ECUAL/Motor/Motor.o
LOAD ECUAL/SwDelay/SwDelay.o
LOAD ECUAL/SwICU/SwICU.o
LOAD ECUAL/SwICU/SwICU_Cfg.o
LOAD ECUAL/Us/Us.o
LOAD main.o
LOAD MCAL/DIO/DIO.o
LOAD MCAL/PWM/PWM.o
LOAD MCAL/PWM/PWM_Cfg.o
LOAD MCAL/SPI/SPI.o
LOAD MCAL/SPI/SPI_Cfg.o
LOAD MCAL/Timer/Timer.o
LOAD MCAL/Timer/Timer_Cfg.o
LOAD MCAL/USART/usart.o
LOAD MCAL/USART/usart_Cfg.o
LOAD SL/TMU/TMU.o
LOAD SL/TMU/TMU_PB_Cfg.o
LOAD Test/Test.o
START GROUP
LOAD c:/program files (x86)/atmel/studio/7.0/toolchain/avr8/avr8-gnu-toolchain/bin/../lib/gcc/avr/5.4.0/../../../../avr/lib/avr5\libm.a
END GROUP
START GROUP
LOAD c:/program files (x86)/atmel/studio/7.0/toolchain/avr8/avr8-gnu-toolchain/bin/../lib/gcc/avr/5.4.0/avr5\libgcc.a
LOAD c:/program files (x86)/atmel/studio/7.0/toolchain/avr8/avr8-gnu-toolchain/bin/../lib/gcc/avr/5.4.0/../../../../avr/lib/avr5\libm.a
LOAD c:/program files (x86)/atmel/studio/7.0/toolchain/avr8/avr8-gnu-toolchain/bin/../lib/gcc/avr/5.4.0/../../../../avr/lib/avr5\libc.a
LOAD C:/Program Files (x86)/Atmel/Studio/7.0/Packs/atmel/ATmega_DFP/1.3.300/gcc/dev/atmega32/avr5\libatmega32.a
END GROUP
                0x00000000                __TEXT_REGION_ORIGIN__ = DEFINED (__TEXT_REGION_ORIGIN__)?__TEXT_REGION_ORIGIN__:0x0
                0x00800060                __DATA_REGION_ORIGIN__ = DEFINED (__DATA_REGION_ORIGIN__)?__DATA_REGION_ORIGIN__:0x800060
                0x00020000                __TEXT_REGION_LENGTH__ = DEFINED (__TEXT_REGION_LENGTH__)?__TEXT_REGION_LENGTH__:0x20000
                0x0000ffa0                __DATA_REGION_LENGTH__ = DEFINED (__DATA_REGION_LENGTH__)?__DATA_REGION_LENGTH__:0xffa0
                0x00010000                __EEPROM_REGION_LENGTH__ = DEFINED (__EEPROM_REGION_LENGTH__)?__EEPROM_REGION_LENGTH__:0x10000
                [0x00000002]                __FUSE_REGION_LENGTH__ = DEFINED (__FUSE_REGION_LENGTH__)?__FUSE_REGION_LENGTH__:0x400
                0x00000400                __LOCK_REGION_LENGTH__ = DEFINED (__LOCK_REGION_LENGTH__)?__LOCK_REGION_LENGTH__:0x400
                0x00000400                __SIGNATURE_REGION_LENGTH__ = DEFINED (__SIGNATURE_REGION_LENGTH__)?__SIGNATURE_REGION_LENGTH__:0x400
                0x00000400                __USER_SIGNATURE_REGION_LENGTH__ = DEFINED (__USER_SIGNATURE_REGION_LENGTH__)?__USER_SIGNATURE_REGION_LENGTH__:0x400

.hash
 *(.hash)

.dynsym
 *(.dynsym)

.dynstr
 *(.dynstr)

.gnu.version
 *(.gnu.version)

.gnu.version_d
 *(.gnu.version_d)

.gnu.version_r
 *(.gnu.version_r)

.rel.init
 *(.rel.init)

.rela.init
 *(.rela.init)

.rel.text
 *(.rel.text)
 *(.rel.text.*)
 *(.rel.gnu.linkonce.t*)

.rela.text
 *(.rela.text)
 *(.rela.text.*)
 *(.rela.gnu.linkonce.t*)

.rel.fini
 *(.rel.fini)

.rela.fini
 *(.rela.fini)

.rel.rodata
 *(.rel.rodata)
 *(.rel.rodata.*)
 *(.rel.gnu.linkonce.r*)

.rela.rodata
 *(.rela.rodata)
 *(.rela.rodata.*)
 *(.rela.gnu.linkonce.r*)

.rel.data
 *(.rel.data)
 *(.rel.data.*)
 *(.rel.gnu.linkonce.d*)

.rela.data
 *(.rela.data)
 *(.rela.data.*)
 *(.rela.gnu.linkonce.d*)

.rel.ctors
 *(.rel.ctors)

.rela.ctors
 *(.rela.ctors)

.rel.dtors
 *(.rel.dtors)

.rela.dtors
 *(.rela.dtors)

.rel.got
 *(.rel.got)

.rela.got
 *(.rela.got)

.rel.bss
 *(.rel.bss)

.rela.bss
 *(.rela.bss)

.rel.plt
 *(.rel.plt)

.rela.plt
 *(.rela.plt)

.text           0x00000000      0x49c
 *(.vectors)
 .vectors       0x00000000       0x54 C:/Program Files (x86)/Atmel/Studio/7.0/Packs/atmel/ATmega_DFP/1.3.300/gcc/dev/atmega32/avr5/crtatmega32.o
                0x00000000                __vector_default
                0x00000000                __vectors
 *(.vectors)
 *(.progmem.gcc*)
                0x00000054                . = ALIGN (0x2)
                0x00000054                __trampolines_start = .
 *(.trampolines)
 .trampolines   0x00000054        0x0 linker stubs
 *(.trampolines*)
                0x00000054                __trampolines_end = .
 *libprintf_flt.a:*(.progmem.data)
 *libc.a:*(.progmem.data)
 *(.progmem*)
                0x00000054                . = ALIGN (0x2)
 *(.jumptables)
 *(.jumptables*)
 *(.lowtext)
 *(.lowtext*)
                0x00000054                __ctors_start = .
 *(.ctors)
                0x00000054                __ctors_end = .
                0x00000054                __dtors_start = .
 *(.dtors)
                0x00000054                __dtors_end = .
 SORT(*)(.ctors)
 SORT(*)(.dtors)
 *(.init0)
 .init0         0x00000054        0x0 C:/Program Files (x86)/Atmel/Studio/7.0/Packs/atmel/ATmega_DFP/1.3.300/gcc/dev/atmega32/avr5/crtatmega32.o
                0x00000054                __init
 *(.init0)
 *(.init1)
 *(.init1)
 *(.init2)
 .init2         0x00000054        0xc C:/Program Files (x86)/Atmel/Studio/7.0/Packs/atmel/ATmega_DFP/1.3.300/gcc/dev/atmega32/avr5/crtatmega32.o
 *(.init2)
 *(.init3)
 *(.init3)
 *(.init4)
 .init4         0x00000060       0x16 c:/program files (x86)/atmel/studio/7.0/toolchain/avr8/avr8-gnu-toolchain/bin/../lib/gcc/avr/5.4.0/avr5\libgcc.a(_copy_data.o)
                0x00000060                __do_copy_data
 .init4         0x00000076       0x10 c:/program files (x86)/atmel/studio/7.0/toolchain/avr8/avr8-gnu-toolchain/bin/../lib/gcc/avr/5.4.0/avr5\libgcc.a(_clear_bss.o)
                0x00000076                __do_clear_bss
 *(.init4)
 *(.init5)
 *(.init5)
 *(.init6)
 *(.init6)
 *(.init7)
 *(.init7)
 *(.init8)
 *(.init8)
 *(.init9)
 .init9         0x00000086        0x8 C:/Program Files (x86)/Atmel/Studio/7.0/Packs/atmel/ATmega_DFP/1.3.300/gcc/dev/atmega32/avr5/crtatmega32.o
 *(.init9)
 *(.text)
 .text          0x0000008e        0x4 C:/Program Files (x86)/Atmel/Studio/7.0/Packs/atmel/ATmega_DFP/1.3.300/gcc/dev/atmega32/avr5/crtatmega32.o
                0x0000008e                __vector_1
                0x0000008e                __bad_interrupt
                0x0000008e                __vector_6
                0x0000008e                __vector_17
                0x0000008e                __vector_19
                0x0000008e                __vector_7
                0x0000008e                __vector_4
                0x0000008e                __vector_2
                0x0000008e                __vector_15
                0x0000008e                __vector_8
                0x0000008e                __vector_16
                0x0000008e                __vector_18
                0x0000008e                __vector_20
                0x00000092                . = ALIGN (0x2)
 *(.text.*)
 .text.__vector_3
                0x00000092       0xae ECUAL/SwICU/SwICU.o
                0x00000092                __vector_3
 .text.main     0x00000140        0xa main.o
                0x00000140                main
 .text.__vector_12
                0x0000014a       0x2e MCAL/SPI/SPI.o
                0x0000014a                __vector_12
 .text.Timer_Start
                0x00000178       0x40 MCAL/Timer/Timer.o
                0x00000178                Timer_Start
 .text.Timer_Stop
                0x000001b8       0x20 MCAL/Timer/Timer.o
                0x000001b8                Timer_Stop
 .text.Timer_SetValue
                0x000001d8       0x1c MCAL/Timer/Timer.o
                0x000001d8                Timer_SetValue
 .text.Timer_GetValue
                0x000001f4       0x44 MCAL/Timer/Timer.o
                0x000001f4                Timer_GetValue
 .text.__vector_11
                0x00000238       0x6c MCAL/Timer/Timer.o
                0x00000238                __vector_11
 .text.__vector_9
                0x000002a4       0x64 MCAL/Timer/Timer.o
                0x000002a4                __vector_9
 .text.__vector_5
                0x00000308       0x6c MCAL/Timer/Timer.o
                0x00000308                __vector_5
 .text.__vector_10
                0x00000374       0x16 MCAL/Timer/Timer.o
                0x00000374                __vector_10
 .text.Usart_Init
                0x0000038a       0x3c MCAL/USART/usart.o
                0x0000038a                Usart_Init
 .text.UsartReadRx
                0x000003c6       0x12 MCAL/USART/usart.o
                0x000003c6                UsartReadRx
 .text.UsartWriteTx
                0x000003d8       0x12 MCAL/USART/usart.o
                0x000003d8                UsartWriteTx
 .text.__vector_13
                0x000003ea       0x52 MCAL/USART/usart.o
                0x000003ea                __vector_13
 .text.__vector_14
                0x0000043c       0x52 MCAL/USART/usart.o
                0x0000043c                __vector_14
 .text.myUsartFullDuplexInterruptTest
                0x0000048e        0xa Test/Test.o
                0x0000048e                myUsartFullDuplexInterruptTest
                0x00000498                . = ALIGN (0x2)
 *(.fini9)
 .fini9         0x00000498        0x0 c:/program files (x86)/atmel/studio/7.0/toolchain/avr8/avr8-gnu-toolchain/bin/../lib/gcc/avr/5.4.0/avr5\libgcc.a(_exit.o)
                0x00000498                _exit
                0x00000498                exit
 *(.fini9)
 *(.fini8)
 *(.fini8)
 *(.fini7)
 *(.fini7)
 *(.fini6)
 *(.fini6)
 *(.fini5)
 *(.fini5)
 *(.fini4)
 *(.fini4)
 *(.fini3)
 *(.fini3)
 *(.fini2)
 *(.fini2)
 *(.fini1)
 *(.fini1)
 *(.fini0)
 .fini0         0x00000498        0x4 c:/program files (x86)/atmel/studio/7.0/toolchain/avr8/avr8-gnu-toolchain/bin/../lib/gcc/avr/5.4.0/avr5\libgcc.a(_exit.o)
 *(.fini0)
                0x0000049c                _etext = .

.data           0x00800060        0x8 load address 0x0000049c
                0x00800060                PROVIDE (__data_start, .)
 *(.data)
 *(.data*)
 *(.gnu.linkonce.d*)
 *(.rodata)
 *(.rodata*)
 .rodata.usart_init_config
                0x00800060        0x7 MCAL/USART/usart_Cfg.o
                0x00800060                usart_init_config
 *(.gnu.linkonce.r*)
                0x00800068                . = ALIGN (0x2)
 *fill*         0x00800067        0x1 
                0x00800068                _edata = .
                0x00800068                PROVIDE (__data_end, .)

.bss            0x00800068       0x11
                0x00800068                PROVIDE (__bss_start, .)
 *(.bss)
 *(.bss*)
 .bss.gu16_Icu_Time
                0x00800068        0x2 ECUAL/SwICU/SwICU.o
 .bss.gu8_onFallPulseCapture_flag
                0x0080006a        0x1 ECUAL/SwICU/SwICU.o
 .bss.gu8_readByte
                0x0080006b        0x1 MCAL/SPI/SPI.o
 .bss.gu8_excuteFlag
                0x0080006c        0x1 MCAL/Timer/Timer.o
                0x0080006c                gu8_excuteFlag
 .bss.gu32_overflowTimes
                0x0080006d        0x4 MCAL/Timer/Timer.o
                0x0080006d                gu32_overflowTimes
 .bss.gu8_t2Prescaler
                0x00800071        0x1 MCAL/Timer/Timer.o
 .bss.gu16_t1Prescaler
                0x00800072        0x2 MCAL/Timer/Timer.o
 .bss.gu8_t0Prescaler
                0x00800074        0x1 MCAL/Timer/Timer.o
 .bss.ch        0x00800075        0x2 MCAL/USART/usart.o
                0x00800075                ch
 .bss.gu16_preloader
                0x00800077        0x2 SL/TMU/TMU.o
                0x00800077                gu16_preloader
 *(COMMON)
                0x00800079                PROVIDE (__bss_end, .)
                0x0000049c                __data_load_start = LOADADDR (.data)
                0x000004a4                __data_load_end = (__data_load_start + SIZEOF (.data))

.noinit         0x00800079        0x0
                [!provide]                PROVIDE (__noinit_start, .)
 *(.noinit*)
                [!provide]                PROVIDE (__noinit_end, .)
                0x00800079                _end = .
                [!provide]                PROVIDE (__heap_start, .)

.eeprom         0x00810000        0x0
 *(.eeprom*)
                0x00810000                __eeprom_end = .

.fuse
 *(.fuse)
 *(.lfuse)
 *(.hfuse)
 *(.efuse)

.lock
 *(.lock*)

.signature
 *(.signature*)

.user_signatures
 *(.user_signatures*)

.stab
 *(.stab)

.stabstr
 *(.stabstr)

.stab.excl
 *(.stab.excl)

.stab.exclstr
 *(.stab.exclstr)

.stab.index
 *(.stab.index)

.stab.indexstr
 *(.stab.indexstr)

.comment        0x00000000       0x30
 *(.comment)
 .comment       0x00000000       0x30 ECUAL/SwICU/SwICU.o
                                 0x31 (size before relaxing)
 .comment       0x00000030       0x31 main.o
 .comment       0x00000030       0x31 MCAL/SPI/SPI.o
 .comment       0x00000030       0x31 MCAL/Timer/Timer.o
 .comment       0x00000030       0x31 MCAL/USART/usart.o
 .comment       0x00000030       0x31 MCAL/USART/usart_Cfg.o
 .comment       0x00000030       0x31 SL/TMU/TMU.o
 .comment       0x00000030       0x31 Test/Test.o

.note.gnu.avr.deviceinfo
                0x00000000       0x3c
 .note.gnu.avr.deviceinfo
                0x00000000       0x3c C:/Program Files (x86)/Atmel/Studio/7.0/Packs/atmel/ATmega_DFP/1.3.300/gcc/dev/atmega32/avr5/crtatmega32.o

.note.gnu.build-id
 *(.note.gnu.build-id)

.debug
 *(.debug)

.line
 *(.line)

.debug_srcinfo
 *(.debug_srcinfo)

.debug_sfnames
 *(.debug_sfnames)

.debug_aranges  0x00000000      0x218
 *(.debug_aranges)
 .debug_aranges
                0x00000000       0x30 ECUAL/SwICU/SwICU.o
 .debug_aranges
                0x00000030       0x20 main.o
 .debug_aranges
                0x00000050       0x38 MCAL/SPI/SPI.o
 .debug_aranges
                0x00000088       0x68 MCAL/Timer/Timer.o
 .debug_aranges
                0x000000f0       0x48 MCAL/USART/usart.o
 .debug_aranges
                0x00000138       0x18 MCAL/USART/usart_Cfg.o
 .debug_aranges
                0x00000150       0x38 SL/TMU/TMU.o
 .debug_aranges
                0x00000188       0x90 Test/Test.o

.debug_pubnames
 *(.debug_pubnames)

.debug_info     0x00000000     0x27b8
 *(.debug_info .gnu.linkonce.wi.*)
 .debug_info    0x00000000      0x4e6 C:/Program Files (x86)/Atmel/Studio/7.0/Packs/atmel/ATmega_DFP/1.3.300/gcc/dev/atmega32/avr5/crtatmega32.o
 .debug_info    0x000004e6      0x2c5 ECUAL/SwICU/SwICU.o
 .debug_info    0x000007ab       0x97 main.o
 .debug_info    0x00000842      0x2a7 MCAL/SPI/SPI.o
 .debug_info    0x00000ae9      0x3e7 MCAL/Timer/Timer.o
 .debug_info    0x00000ed0      0x3c8 MCAL/USART/usart.o
 .debug_info    0x00001298      0x217 MCAL/USART/usart_Cfg.o
 .debug_info    0x000014af      0x40e SL/TMU/TMU.o
 .debug_info    0x000018bd      0xefb Test/Test.o

.debug_abbrev   0x00000000      0xe4c
 *(.debug_abbrev)
 .debug_abbrev  0x00000000      0x4a3 C:/Program Files (x86)/Atmel/Studio/7.0/Packs/atmel/ATmega_DFP/1.3.300/gcc/dev/atmega32/avr5/crtatmega32.o
 .debug_abbrev  0x000004a3      0x123 ECUAL/SwICU/SwICU.o
 .debug_abbrev  0x000005c6       0x65 main.o
 .debug_abbrev  0x0000062b      0x16e MCAL/SPI/SPI.o
 .debug_abbrev  0x00000799      0x16f MCAL/Timer/Timer.o
 .debug_abbrev  0x00000908      0x116 MCAL/USART/usart.o
 .debug_abbrev  0x00000a1e       0xa1 MCAL/USART/usart_Cfg.o
 .debug_abbrev  0x00000abf      0x1bb SL/TMU/TMU.o
 .debug_abbrev  0x00000c7a      0x1d2 Test/Test.o

.debug_line     0x00000000     0x10db
 *(.debug_line .debug_line.* .debug_line_end)
 .debug_line    0x00000000      0x115 C:/Program Files (x86)/Atmel/Studio/7.0/Packs/atmel/ATmega_DFP/1.3.300/gcc/dev/atmega32/avr5/crtatmega32.o
 .debug_line    0x00000115      0x1d2 ECUAL/SwICU/SwICU.o
 .debug_line    0x000002e7       0x59 main.o
 .debug_line    0x00000340      0x113 MCAL/SPI/SPI.o
 .debug_line    0x00000453      0x2b4 MCAL/Timer/Timer.o
 .debug_line    0x00000707      0x167 MCAL/USART/usart.o
 .debug_line    0x0000086e       0x42 MCAL/USART/usart_Cfg.o
 .debug_line    0x000008b0      0x240 SL/TMU/TMU.o
 .debug_line    0x00000af0      0x5eb Test/Test.o

.debug_frame    0x00000000      0x554
 *(.debug_frame)
 .debug_frame   0x00000000       0x8c ECUAL/SwICU/SwICU.o
 .debug_frame   0x0000008c       0x24 main.o
 .debug_frame   0x000000b0       0x64 MCAL/SPI/SPI.o
 .debug_frame   0x00000114      0x130 MCAL/Timer/Timer.o
 .debug_frame   0x00000244      0x104 MCAL/USART/usart.o
 .debug_frame   0x00000348       0xa8 SL/TMU/TMU.o
 .debug_frame   0x000003f0      0x164 Test/Test.o

.debug_str      0x00000000      0xd88
 *(.debug_str)
 .debug_str     0x00000000      0x196 C:/Program Files (x86)/Atmel/Studio/7.0/Packs/atmel/ATmega_DFP/1.3.300/gcc/dev/atmega32/avr5/crtatmega32.o
 .debug_str     0x00000196      0x2b0 ECUAL/SwICU/SwICU.o
                                0x2fc (size before relaxing)
 .debug_str     0x00000446       0x30 main.o
                                0x193 (size before relaxing)
 .debug_str     0x00000476      0x117 MCAL/SPI/SPI.o
                                0x2b1 (size before relaxing)
 .debug_str     0x0000058d       0xfe MCAL/Timer/Timer.o
                                0x33e (size before relaxing)
 .debug_str     0x0000068b      0x346 MCAL/USART/usart.o
                                0x4e0 (size before relaxing)
 .debug_str     0x000009d1       0x2c MCAL/USART/usart_Cfg.o
                                0x399 (size before relaxing)
 .debug_str     0x000009fd      0x194 SL/TMU/TMU.o
                                0x3cf (size before relaxing)
 .debug_str     0x00000b91      0x1f7 Test/Test.o
                                0x71b (size before relaxing)

.debug_loc      0x00000000      0xef2
 *(.debug_loc)
 .debug_loc     0x00000000      0x13b ECUAL/SwICU/SwICU.o
 .debug_loc     0x0000013b      0x1da MCAL/SPI/SPI.o
 .debug_loc     0x00000315      0x44a MCAL/Timer/Timer.o
 .debug_loc     0x0000075f      0x316 MCAL/USART/usart.o
 .debug_loc     0x00000a75      0x284 SL/TMU/TMU.o
 .debug_loc     0x00000cf9      0x1f9 Test/Test.o

.debug_macinfo
 *(.debug_macinfo)

.debug_weaknames
 *(.debug_weaknames)

.debug_funcnames
 *(.debug_funcnames)

.debug_typenames
 *(.debug_typenames)

.debug_varnames
 *(.debug_varnames)

.debug_pubtypes
 *(.debug_pubtypes)

.debug_ranges   0x00000000      0x190
 *(.debug_ranges)
 .debug_ranges  0x00000000       0x20 ECUAL/SwICU/SwICU.o
 .debug_ranges  0x00000020       0x10 main.o
 .debug_ranges  0x00000030       0x28 MCAL/SPI/SPI.o
 .debug_ranges  0x00000058       0x58 MCAL/Timer/Timer.o
 .debug_ranges  0x000000b0       0x38 MCAL/USART/usart.o
 .debug_ranges  0x000000e8       0x28 SL/TMU/TMU.o
 .debug_ranges  0x00000110       0x80 Test/Test.o

.debug_macro
 *(.debug_macro)
OUTPUT(ObstacleDetection.elf elf32-avr)
LOAD linker stubs
